Archive member included to satisfy reference by file (symbol)

/Applications/STMicroelectronics/STM32CubeIDE.app/Contents/Eclipse/plugins/com.st.stm32cube.ide.mcu.externaltools.gnu-tools-for-stm32.10.3-2021.10.macos64_1.0.0.202111181127/tools/bin/../lib/gcc/arm-none-eabi/10.3.1/../../../../arm-none-eabi/lib/thumb/v7e-m+fp/hard/libc_nano.a(lib_a-errno.o)
                              ./Core/Src/syscalls.o (__errno)
/Applications/STMicroelectronics/STM32CubeIDE.app/Contents/Eclipse/plugins/com.st.stm32cube.ide.mcu.externaltools.gnu-tools-for-stm32.10.3-2021.10.macos64_1.0.0.202111181127/tools/bin/../lib/gcc/arm-none-eabi/10.3.1/../../../../arm-none-eabi/lib/thumb/v7e-m+fp/hard/libc_nano.a(lib_a-exit.o)
                              /Applications/STMicroelectronics/STM32CubeIDE.app/Contents/Eclipse/plugins/com.st.stm32cube.ide.mcu.externaltools.gnu-tools-for-stm32.10.3-2021.10.macos64_1.0.0.202111181127/tools/bin/../lib/gcc/arm-none-eabi/10.3.1/../../../../arm-none-eabi/lib/thumb/v7e-m+fp/hard/crt0.o (exit)
/Applications/STMicroelectronics/STM32CubeIDE.app/Contents/Eclipse/plugins/com.st.stm32cube.ide.mcu.externaltools.gnu-tools-for-stm32.10.3-2021.10.macos64_1.0.0.202111181127/tools/bin/../lib/gcc/arm-none-eabi/10.3.1/../../../../arm-none-eabi/lib/thumb/v7e-m+fp/hard/libc_nano.a(lib_a-impure.o)
                              /Applications/STMicroelectronics/STM32CubeIDE.app/Contents/Eclipse/plugins/com.st.stm32cube.ide.mcu.externaltools.gnu-tools-for-stm32.10.3-2021.10.macos64_1.0.0.202111181127/tools/bin/../lib/gcc/arm-none-eabi/10.3.1/../../../../arm-none-eabi/lib/thumb/v7e-m+fp/hard/libc_nano.a(lib_a-exit.o) (_global_impure_ptr)
/Applications/STMicroelectronics/STM32CubeIDE.app/Contents/Eclipse/plugins/com.st.stm32cube.ide.mcu.externaltools.gnu-tools-for-stm32.10.3-2021.10.macos64_1.0.0.202111181127/tools/bin/../lib/gcc/arm-none-eabi/10.3.1/../../../../arm-none-eabi/lib/thumb/v7e-m+fp/hard/libc_nano.a(lib_a-init.o)
                              /Applications/STMicroelectronics/STM32CubeIDE.app/Contents/Eclipse/plugins/com.st.stm32cube.ide.mcu.externaltools.gnu-tools-for-stm32.10.3-2021.10.macos64_1.0.0.202111181127/tools/bin/../lib/gcc/arm-none-eabi/10.3.1/../../../../arm-none-eabi/lib/thumb/v7e-m+fp/hard/crt0.o (__libc_init_array)
/Applications/STMicroelectronics/STM32CubeIDE.app/Contents/Eclipse/plugins/com.st.stm32cube.ide.mcu.externaltools.gnu-tools-for-stm32.10.3-2021.10.macos64_1.0.0.202111181127/tools/bin/../lib/gcc/arm-none-eabi/10.3.1/../../../../arm-none-eabi/lib/thumb/v7e-m+fp/hard/libc_nano.a(lib_a-memcpy-stub.o)
                              ./Core/Src/bno055.o (memcpy)
/Applications/STMicroelectronics/STM32CubeIDE.app/Contents/Eclipse/plugins/com.st.stm32cube.ide.mcu.externaltools.gnu-tools-for-stm32.10.3-2021.10.macos64_1.0.0.202111181127/tools/bin/../lib/gcc/arm-none-eabi/10.3.1/../../../../arm-none-eabi/lib/thumb/v7e-m+fp/hard/libc_nano.a(lib_a-memset.o)
                              /Applications/STMicroelectronics/STM32CubeIDE.app/Contents/Eclipse/plugins/com.st.stm32cube.ide.mcu.externaltools.gnu-tools-for-stm32.10.3-2021.10.macos64_1.0.0.202111181127/tools/bin/../lib/gcc/arm-none-eabi/10.3.1/../../../../arm-none-eabi/lib/thumb/v7e-m+fp/hard/crt0.o (memset)
/Applications/STMicroelectronics/STM32CubeIDE.app/Contents/Eclipse/plugins/com.st.stm32cube.ide.mcu.externaltools.gnu-tools-for-stm32.10.3-2021.10.macos64_1.0.0.202111181127/tools/bin/../lib/gcc/arm-none-eabi/10.3.1/../../../../arm-none-eabi/lib/thumb/v7e-m+fp/hard/libc_nano.a(lib_a-nano-vfprintf_float.o)
                              (_printf_float)
/Applications/STMicroelectronics/STM32CubeIDE.app/Contents/Eclipse/plugins/com.st.stm32cube.ide.mcu.externaltools.gnu-tools-for-stm32.10.3-2021.10.macos64_1.0.0.202111181127/tools/bin/../lib/gcc/arm-none-eabi/10.3.1/../../../../arm-none-eabi/lib/thumb/v7e-m+fp/hard/libc_nano.a(lib_a-nano-vfprintf_i.o)
                              /Applications/STMicroelectronics/STM32CubeIDE.app/Contents/Eclipse/plugins/com.st.stm32cube.ide.mcu.externaltools.gnu-tools-for-stm32.10.3-2021.10.macos64_1.0.0.202111181127/tools/bin/../lib/gcc/arm-none-eabi/10.3.1/../../../../arm-none-eabi/lib/thumb/v7e-m+fp/hard/libc_nano.a(lib_a-nano-vfprintf_float.o) (_printf_common)
/Applications/STMicroelectronics/STM32CubeIDE.app/Contents/Eclipse/plugins/com.st.stm32cube.ide.mcu.externaltools.gnu-tools-for-stm32.10.3-2021.10.macos64_1.0.0.202111181127/tools/bin/../lib/gcc/arm-none-eabi/10.3.1/../../../../arm-none-eabi/lib/thumb/v7e-m+fp/hard/libc_nano.a(lib_a-printf.o)
                              ./Core/Src/bno055.o (printf)
/Applications/STMicroelectronics/STM32CubeIDE.app/Contents/Eclipse/plugins/com.st.stm32cube.ide.mcu.externaltools.gnu-tools-for-stm32.10.3-2021.10.macos64_1.0.0.202111181127/tools/bin/../lib/gcc/arm-none-eabi/10.3.1/../../../../arm-none-eabi/lib/thumb/v7e-m+fp/hard/libc_nano.a(lib_a-puts.o)
                              ./Core/Src/main.o (puts)
[...]
Memory Configuration

Name             Origin             Length             Attributes
RAM              0x0000000020000000 0x0000000000018000 xrw
RAM2             0x0000000010000000 0x0000000000008000 xrw
FLASH            0x0000000008000000 0x0000000000100000 xr
*default*        0x0000000000000000 0xffffffffffffffff

Linker script and memory map

LOAD /Applications/STMicroelectronics/STM32CubeIDE.app/Contents/Eclipse/plugins/com.st.stm32cube.ide.mcu.externaltools.gnu-tools-for-stm32.10.3-2021.10.macos64_1.0.0.202111181127/tools/bin/../lib/gcc/arm-none-eabi/10.3.1/thumb/v7e-m+fp/hard/crti.o
LOAD /Applications/STMicroelectronics/STM32CubeIDE.app/Contents/Eclipse/plugins/com.st.stm32cube.ide.mcu.externaltools.gnu-tools-for-stm32.10.3-2021.10.macos64_1.0.0.202111181127/tools/bin/../lib/gcc/arm-none-eabi/10.3.1/thumb/v7e-m+fp/hard/crtbegin.o
LOAD /Applications/STMicroelectronics/STM32CubeIDE.app/Contents/Eclipse/plugins/com.st.stm32cube.ide.mcu.externaltools.gnu-tools-for-stm32.10.3-2021.10.macos64_1.0.0.202111181127/tools/bin/../lib/gcc/arm-none-eabi/10.3.1/../../../../arm-none-eabi/lib/thumb/v7e-m+fp/hard/crt0.o
LOAD ./Core/Src/bno055.o
LOAD ./Core/Src/bno080.o
LOAD ./Core/Src/i2c_sensors.o
LOAD ./Core/Src/logging.o
LOAD ./Core/Src/main.o
LOAD ./Core/Src/stm32l4xx_hal_msp.o
LOAD ./Core/Src/stm32l4xx_it.o
LOAD ./Core/Src/syscalls.o
LOAD ./Core/Src/sysmem.o
LOAD ./Core/Src/system_stm32l4xx.o
LOAD ./Core/Startup/startup_stm32l476rgtx.o
LOAD ./Drivers/STM32L4xx_HAL_Driver/Src/stm32l4xx_hal.o
LOAD ./Drivers/STM32L4xx_HAL_Driver/Src/stm32l4xx_hal_cortex.o
LOAD ./Drivers/STM32L4xx_HAL_Driver/Src/stm32l4xx_hal_dma.o
LOAD ./Drivers/STM32L4xx_HAL_Driver/Src/stm32l4xx_hal_dma_ex.o
LOAD ./Drivers/STM32L4xx_HAL_Driver/Src/stm32l4xx_hal_exti.o
LOAD ./Drivers/STM32L4xx_HAL_Driver/Src/stm32l4xx_hal_flash.o
LOAD ./Drivers/STM32L4xx_HAL_Driver/Src/stm32l4xx_hal_flash_ex.o
LOAD ./Drivers/STM32L4xx_HAL_Driver/Src/stm32l4xx_hal_flash_ramfunc.o
LOAD ./Drivers/STM32L4xx_HAL_Driver/Src/stm32l4xx_hal_gpio.o
LOAD ./Drivers/STM32L4xx_HAL_Driver/Src/stm32l4xx_hal_i2c.o
LOAD ./Drivers/STM32L4xx_HAL_Driver/Src/stm32l4xx_hal_i2c_ex.o
LOAD ./Drivers/STM32L4xx_HAL_Driver/Src/stm32l4xx_hal_pwr.o
LOAD ./Drivers/STM32L4xx_HAL_Driver/Src/stm32l4xx_hal_pwr_ex.o
LOAD ./Drivers/STM32L4xx_HAL_Driver/Src/stm32l4xx_hal_rcc.o
LOAD ./Drivers/STM32L4xx_HAL_Driver/Src/stm32l4xx_hal_rcc_ex.o
LOAD ./Drivers/STM32L4xx_HAL_Driver/Src/stm32l4xx_hal_rtc.o
LOAD ./Drivers/STM32L4xx_HAL_Driver/Src/stm32l4xx_hal_rtc_ex.o
LOAD ./Drivers/STM32L4xx_HAL_Driver/Src/stm32l4xx_hal_sd.o
LOAD ./Drivers/STM32L4xx_HAL_Driver/Src/stm32l4xx_hal_sd_ex.o
LOAD ./Drivers/STM32L4xx_HAL_Driver/Src/stm32l4xx_hal_spi.o
LOAD ./Drivers/STM32L4xx_HAL_Driver/Src/stm32l4xx_hal_spi_ex.o
LOAD ./Drivers/STM32L4xx_HAL_Driver/Src/stm32l4xx_hal_tim.o
LOAD ./Drivers/STM32L4xx_HAL_Driver/Src/stm32l4xx_hal_tim_ex.o
LOAD ./Drivers/STM32L4xx_HAL_Driver/Src/stm32l4xx_hal_uart.o
LOAD ./Drivers/STM32L4xx_HAL_Driver/Src/stm32l4xx_hal_uart_ex.o
LOAD ./Drivers/STM32L4xx_HAL_Driver/Src/stm32l4xx_ll_sdmmc.o
LOAD ./FATFS/App/fatfs.o
LOAD ./FATFS/Target/bsp_driver_sd.o
LOAD ./FATFS/Target/fatfs_platform.o
LOAD ./FATFS/Target/sd_diskio.o
LOAD ./Middlewares/Third_Party/FatFs/src/diskio.o
LOAD ./Middlewares/Third_Party/FatFs/src/ff.o
LOAD ./Middlewares/Third_Party/FatFs/src/ff_gen_drv.o
LOAD ./Middlewares/Third_Party/FatFs/src/option/syscall.o
START GROUP
LOAD /Applications/STMicroelectronics/STM32CubeIDE.app/Contents/Eclipse/plugins/com.st.stm32cube.ide.mcu.externaltools.gnu-tools-for-stm32.10.3-2021.10.macos64_1.0.0.202111181127/tools/bin/../lib/gcc/arm-none-eabi/10.3.1/../../../../arm-none-eabi/lib/thumb/v7e-m+fp/hard/libc_nano.a
LOAD /Applications/STMicroelectronics/STM32CubeIDE.app/Contents/Eclipse/plugins/com.st.stm32cube.ide.mcu.externaltools.gnu-tools-for-stm32.10.3-2021.10.macos64_1.0.0.202111181127/tools/bin/../lib/gcc/arm-none-eabi/10.3.1/../../../../arm-none-eabi/lib/thumb/v7e-m+fp/hard/libm.a
END GROUP
START GROUP
LOAD /Applications/STMicroelectronics/STM32CubeIDE.app/Contents/Eclipse/plugins/com.st.stm32cube.ide.mcu.externaltools.gnu-tools-for-stm32.10.3-2021.10.macos64_1.0.0.202111181127/tools/bin/../lib/gcc/arm-none-eabi/10.3.1/thumb/v7e-m+fp/hard/libgcc.a
LOAD /Applications/STMicroelectronics/STM32CubeIDE.app/Contents/Eclipse/plugins/com.st.stm32cube.ide.mcu.externaltools.gnu-tools-for-stm32.10.3-2021.10.macos64_1.0.0.202111181127/tools/bin/../lib/gcc/arm-none-eabi/10.3.1/../../../../arm-none-eabi/lib/thumb/v7e-m+fp/hard/libc_nano.a
END GROUP
START GROUP
LOAD /Applications/STMicroelectronics/STM32CubeIDE.app/Contents/Eclipse/plugins/com.st.stm32cube.ide.mcu.externaltools.gnu-tools-for-stm32.10.3-2021.10.macos64_1.0.0.202111181127/tools/bin/../lib/gcc/arm-none-eabi/10.3.1/thumb/v7e-m+fp/hard/libgcc.a
LOAD /Applications/STMicroelectronics/STM32CubeIDE.app/Contents/Eclipse/plugins/com.st.stm32cube.ide.mcu.externaltools.gnu-tools-for-stm32.10.3-2021.10.macos64_1.0.0.202111181127/tools/bin/../lib/gcc/arm-none-eabi/10.3.1/../../../../arm-none-eabi/lib/thumb/v7e-m+fp/hard/libc_nano.a
LOAD /Applications/STMicroelectronics/STM32CubeIDE.app/Contents/Eclipse/plugins/com.st.stm32cube.ide.mcu.externaltools.gnu-tools-for-stm32.10.3-2021.10.macos64_1.0.0.202111181127/tools/bin/../lib/gcc/arm-none-eabi/10.3.1/../../../../arm-none-eabi/lib/thumb/v7e-m+fp/hard/libnosys.a
END GROUP
START GROUP
LOAD /Applications/STMicroelectronics/STM32CubeIDE.app/Contents/Eclipse/plugins/com.st.stm32cube.ide.mcu.externaltools.gnu-tools-for-stm32.10.3-2021.10.macos64_1.0.0.202111181127/tools/bin/../lib/gcc/arm-none-eabi/10.3.1/thumb/v7e-m+fp/hard/libgcc.a
LOAD /Applications/STMicroelectronics/STM32CubeIDE.app/Contents/Eclipse/plugins/com.st.stm32cube.ide.mcu.externaltools.gnu-tools-for-stm32.10.3-2021.10.macos64_1.0.0.202111181127/tools/bin/../lib/gcc/arm-none-eabi/10.3.1/../../../../arm-none-eabi/lib/thumb/v7e-m+fp/hard/libc_nano.a
LOAD /Applications/STMicroelectronics/STM32CubeIDE.app/Contents/Eclipse/plugins/com.st.stm32cube.ide.mcu.externaltools.gnu-tools-for-stm32.10.3-2021.10.macos64_1.0.0.202111181127/tools/bin/../lib/gcc/arm-none-eabi/10.3.1/../../../../arm-none-eabi/lib/thumb/v7e-m+fp/hard/libnosys.a
END GROUP
LOAD /Applications/STMicroelectronics/STM32CubeIDE.app/Contents/Eclipse/plugins/com.st.stm32cube.ide.mcu.externaltools.gnu-tools-for-stm32.10.3-2021.10.macos64_1.0.0.202111181127/tools/bin/../lib/gcc/arm-none-eabi/10.3.1/thumb/v7e-m+fp/hard/crtend.o
LOAD /Applications/STMicroelectronics/STM32CubeIDE.app/Contents/Eclipse/plugins/com.st.stm32cube.ide.mcu.externaltools.gnu-tools-for-stm32.10.3-2021.10.macos64_1.0.0.202111181127/tools/bin/../lib/gcc/arm-none-eabi/10.3.1/thumb/v7e-m+fp/hard/crtn.o
                0x0000000020018000                _estack = (ORIGIN (RAM) + LENGTH (RAM))
                0x0000000000002000                _Min_Heap_Size = 0x2000
                0x0000000000004000                _Min_Stack_Size = 0x4000

.isr_vector     0x0000000008000000      0x188
                0x0000000008000000                . = ALIGN (0x4)
 *(.isr_vector)
 .isr_vector    0x0000000008000000      0x188 ./Core/Startup/startup_stm32l476rgtx.o
                0x0000000008000000                g_pfnVectors
                0x0000000008000188                . = ALIGN (0x4)

.text           0x0000000008000190     0xf6d4
                0x0000000008000190                . = ALIGN (0x4)
 *(.text)
 .text          0x0000000008000190       0x40 /Applications/STMicroelectronics/STM32CubeIDE.app/Contents/Eclipse/plugins/com.st.stm32cube.ide.mcu.externaltools.gnu-tools-for-stm32.10.3-2021.10.macos64_1.0.0.202111181127/tools/bin/../lib/gcc/arm-none-eabi/10.3.1/thumb/v7e-m+fp/hard/crtbegin.o
 .text          0x00000000080001d0       0x10 /Applications/STMicroelectronics/STM32CubeIDE.app/Contents/Eclipse/plugins/com.st.stm32cube.ide.mcu.externaltools.gnu-tools-for-stm32.10.3-2021.10.macos64_1.0.0.202111181127/tools/bin/../lib/gcc/arm-none-eabi/10.3.1/../../../../arm-none-eabi/lib/thumb/v7e-m+fp/hard/libc_nano.a(lib_a-strlen.o)
                0x00000000080001d0                strlen
 .text          0x00000000080001e0       0xa0 /Applications/STMicroelectronics/STM32CubeIDE.app/Contents/Eclipse/plugins/com.st.stm32cube.ide.mcu.externaltools.gnu-tools-for-stm32.10.3-2021.10.macos64_1.0.0.202111181127/tools/bin/../lib/gcc/arm-none-eabi/10.3.1/../../../../arm-none-eabi/lib/thumb/v7e-m+fp/hard/libc_nano.a(lib_a-memchr.o)
                0x00000000080001e0                memchr
 .text          0x0000000008000280      0x378 /Applications/STMicroelectronics/STM32CubeIDE.app/Contents/Eclipse/plugins/com.st.stm32cube.ide.mcu.externaltools.gnu-tools-for-stm32.10.3-2021.10.macos64_1.0.0.202111181127/tools/bin/../lib/gcc/arm-none-eabi/10.3.1/thumb/v7e-m+fp/hard/libgcc.a(_arm_addsubdf3.o)
                0x0000000008000280                __aeabi_drsub
                0x0000000008000288                __subdf3
                0x0000000008000288                __aeabi_dsub
                0x000000000800028c                __aeabi_dadd
                0x000000000800028c                __adddf3
                0x0000000008000504                __aeabi_ui2d
                0x0000000008000504                __floatunsidf
                0x0000000008000524                __floatsidf
                0x0000000008000524                __aeabi_i2d
                0x0000000008000548                __extendsfdf2
                0x0000000008000548                __aeabi_f2d
                0x000000000800058c                __aeabi_ul2d
                0x000000000800058c                __floatundidf
                0x000000000800059c                __aeabi_l2d
                0x000000000800059c                __floatdidf
 .text          0x00000000080005f8      0x424 /Applications/STMicroelectronics/STM32CubeIDE.app/Contents/Eclipse/plugins/com.st.stm32cube.ide.mcu.externaltools.gnu-tools-for-stm32.10.3-2021.10.macos64_1.0.0.202111181127/tools/bin/../lib/gcc/arm-none-eabi/10.3.1/thumb/v7e-m+fp/hard/libgcc.a(_arm_muldivdf3.o)
                0x00000000080005f8                __aeabi_dmul
                0x00000000080005f8                __muldf3
                0x000000000800084c                __aeabi_ddiv
                0x000000000800084c                __divdf3
 .text          0x0000000008000a1c      0x110 /Applications/STMicroelectronics/STM32CubeIDE.app/Contents/Eclipse/plugins/com.st.stm32cube.ide.mcu.externaltools.gnu-tools-for-stm32.10.3-2021.10.macos64_1.0.0.202111181127/tools/bin/../lib/gcc/arm-none-eabi/10.3.1/thumb/v7e-m+fp/hard/libgcc.a(_arm_cmpdf2.o)
                0x0000000008000a1c                __gedf2
                0x0000000008000a1c                __gtdf2
                0x0000000008000a24                __ledf2
                0x0000000008000a24                __ltdf2
                0x0000000008000a2c                __cmpdf2
                0x0000000008000a2c                __eqdf2
                0x0000000008000a2c                __nedf2
                0x0000000008000aa8                __aeabi_cdrcmple
                0x0000000008000ab8                __aeabi_cdcmple
                0x0000000008000ab8                __aeabi_cdcmpeq
                0x0000000008000ac8                __aeabi_dcmpeq
                0x0000000008000adc                __aeabi_dcmplt
                0x0000000008000af0                __aeabi_dcmple
                0x0000000008000b04                __aeabi_dcmpge
                0x0000000008000b18                __aeabi_dcmpgt
 .text          0x0000000008000b2c       0x2c /Applications/STMicroelectronics/STM32CubeIDE.app/Contents/Eclipse/plugins/com.st.stm32cube.ide.mcu.externaltools.gnu-tools-for-stm32.10.3-2021.10.macos64_1.0.0.202111181127/tools/bin/../lib/gcc/arm-none-eabi/10.3.1/thumb/v7e-m+fp/hard/libgcc.a(_arm_unorddf2.o)
                0x0000000008000b2c                __aeabi_dcmpun
                0x0000000008000b2c                __unorddf2
 .text          0x0000000008000b58       0x50 /Applications/STMicroelectronics/STM32CubeIDE.app/Contents/Eclipse/plugins/com.st.stm32cube.ide.mcu.externaltools.gnu-tools-for-stm32.10.3-2021.10.macos64_1.0.0.202111181127/tools/bin/../lib/gcc/arm-none-eabi/10.3.1/thumb/v7e-m+fp/hard/libgcc.a(_arm_fixdfsi.o)
                0x0000000008000b58                __fixdfsi
                0x0000000008000b58                __aeabi_d2iz
 .text          0x0000000008000ba8       0x30 /Applications/STMicroelectronics/STM32CubeIDE.app/Contents/Eclipse/plugins/com.st.stm32cube.ide.mcu.externaltools.gnu-tools-for-stm32.10.3-2021.10.macos64_1.0.0.202111181127/tools/bin/../lib/gcc/arm-none-eabi/10.3.1/thumb/v7e-m+fp/hard/libgcc.a(_aeabi_uldivmod.o)
                0x0000000008000ba8                __aeabi_uldivmod
 .text          0x0000000008000bd8      0x2d0 /Applications/STMicroelectronics/STM32CubeIDE.app/Contents/Eclipse/plugins/com.st.stm32cube.ide.mcu.externaltools.gnu-tools-for-stm32.10.3-2021.10.macos64_1.0.0.202111181127/tools/bin/../lib/gcc/arm-none-eabi/10.3.1/thumb/v7e-m+fp/hard/libgcc.a(_udivmoddi4.o)
                0x0000000008000bd8                __udivmoddi4
 .text          0x0000000008000ea8        0x4 /Applications/STMicroelectronics/STM32CubeIDE.app/Contents/Eclipse/plugins/com.st.stm32cube.ide.mcu.externaltools.gnu-tools-for-stm32.10.3-2021.10.macos64_1.0.0.202111181127/tools/bin/../lib/gcc/arm-none-eabi/10.3.1/thumb/v7e-m+fp/hard/libgcc.a(_dvmd_tls.o)
                0x0000000008000ea8                __aeabi_ldiv0
                0x0000000008000ea8                __aeabi_idiv0
 *(.text*)
 .text.bno055_setPage
                0x0000000008000eac       0x1c ./Core/Src/bno055.o
                0x0000000008000eac                bno055_setPage
 .text.bno055_setOperationMode
                0x0000000008000ec8       0x30 ./Core/Src/bno055.o
                0x0000000008000ec8                bno055_setOperationMode
 .text.bno055_setOperationModeConfig
                0x0000000008000ef8        0xe ./Core/Src/bno055.o
                0x0000000008000ef8                bno055_setOperationModeConfig
 .text.bno055_setOperationModeNDOF
                0x0000000008000f06        0xe ./Core/Src/bno055.o
                0x0000000008000f06                bno055_setOperationModeNDOF
 .text.bno055_reset
                0x0000000008000f14       0x18 ./Core/Src/bno055.o
                0x0000000008000f14                bno055_reset
 .text.bno055_setup
                0x0000000008000f2c       0x50 ./Core/Src/bno055.o
                0x0000000008000f2c                bno055_setup
 .text.bno055_getVector
                0x0000000008000f7c      0x288 ./Core/Src/bno055.o
                0x0000000008000f7c                bno055_getVector
 .text.bno055_getVectorQuaternion
                0x0000000008001204       0x86 ./Core/Src/bno055.o
                0x0000000008001204                bno055_getVectorQuaternion
 *fill*         0x000000000800128a        0x2 
 .text.fuelGauge_assignI2C
                0x000000000800128c       0x20 ./Core/Src/i2c_sensors.o
                0x000000000800128c                fuelGauge_assignI2C
 .text.keller_assignI2C
                0x00000000080012ac       0x20 ./Core/Src/i2c_sensors.o
                0x00000000080012ac                keller_assignI2C
 .text.light_assignI2C
                0x00000000080012cc       0x20 ./Core/Src/i2c_sensors.o
                0x00000000080012cc                light_assignI2C
 .text.fuelGauge_readData
                0x00000000080012ec       0x4c ./Core/Src/i2c_sensors.o
                0x00000000080012ec                fuelGauge_readData
 .text.keller_readData
                0x0000000008001338       0x54 ./Core/Src/i2c_sensors.o
                0x0000000008001338                keller_readData
 .text.light_readData
                0x000000000800138c       0x4c ./Core/Src/i2c_sensors.o
                0x000000000800138c                light_readData
 .text.sensors_initI2C
                0x00000000080013d8       0x10 ./Core/Src/i2c_sensors.o
                0x00000000080013d8                sensors_initI2C
 .text.getBatteryStatus
                0x00000000080013e8      0x130 ./Core/Src/i2c_sensors.o
                0x00000000080013e8                getBatteryStatus
 .text.getPressureData
                0x0000000008001518       0xd8 ./Core/Src/i2c_sensors.o
                0x0000000008001518                getPressureData
 .text.getAmbientLight
                0x00000000080015f0       0x60 ./Core/Src/i2c_sensors.o
                0x00000000080015f0                getAmbientLight
 .text.getIMUData
                0x0000000008001650       0x44 ./Core/Src/i2c_sensors.o
                0x0000000008001650                getIMUData
 .text.sensors_getAll
                0x0000000008001694       0xd8 ./Core/Src/i2c_sensors.o
                0x0000000008001694                sensors_getAll
 .text.sensors_updatePeriodic
                0x000000000800176c       0x14 ./Core/Src/i2c_sensors.o
                0x000000000800176c                sensors_updatePeriodic
 .text.sensors_updateState
                0x0000000008001780      0x280 ./Core/Src/i2c_sensors.o
                0x0000000008001780                sensors_updateState
 .text.sensors_getStateStr
                0x0000000008001a00       0x2c ./Core/Src/i2c_sensors.o
                0x0000000008001a00                sensors_getStateStr
 .text.burnwireOn
                0x0000000008001a2c       0x16 ./Core/Src/i2c_sensors.o
                0x0000000008001a2c                burnwireOn
 .text.burnwireOff
                0x0000000008001a42       0x16 ./Core/Src/i2c_sensors.o
                0x0000000008001a42                burnwireOff
 .text.recoveryOff
                0x0000000008001a58       0x10 ./Core/Src/i2c_sensors.o
                0x0000000008001a58                recoveryOff
 .text.logging_setFilename
                0x0000000008001a68       0x24 ./Core/Src/logging.o
                0x0000000008001a68                logging_setFilename
 .text.logging_writeToFile
                0x0000000008001a8c       0x64 ./Core/Src/logging.o
                0x0000000008001a8c                logging_writeToFile
 .text.logging_mountSD
                0x0000000008001af0       0x1c ./Core/Src/logging.o
                0x0000000008001af0                logging_mountSD
 .text.bno055_assignI2C
                0x0000000008001b0c       0x20 ./Core/Src/main.o
                0x0000000008001b0c                bno055_assignI2C
 .text.bno055_delay
                0x0000000008001b2c       0x18 ./Core/Src/main.o
                0x0000000008001b2c                bno055_delay
 .text.bno055_writeData
                0x0000000008001b44      0x1d8 ./Core/Src/main.o
                0x0000000008001b44                bno055_writeData
 .text.bno055_readData
                0x0000000008001d1c       0x44 ./Core/Src/main.o
                0x0000000008001d1c                bno055_readData
 .text.main     0x0000000008001d60       0xec ./Core/Src/main.o
                0x0000000008001d60                main
 .text.SystemClock_Config
                0x0000000008001e4c       0xa6 ./Core/Src/main.o
                0x0000000008001e4c                SystemClock_Config
 *fill*         0x0000000008001ef2        0x2 
 .text.MX_I2C1_Init
                0x0000000008001ef4       0x80 ./Core/Src/main.o
 .text.MX_RTC_Init
                0x0000000008001f74       0xe0 ./Core/Src/main.o
 .text.MX_SDMMC1_SD_Init
                0x0000000008002054       0x40 ./Core/Src/main.o
 .text.MX_SPI2_Init
                0x0000000008002094       0x7c ./Core/Src/main.o
 .text.MX_TIM16_Init
                0x0000000008002110       0x50 ./Core/Src/main.o
 .text.MX_USART2_UART_Init
                0x0000000008002160       0x68 ./Core/Src/main.o
 .text.MX_DMA_Init
                0x00000000080021c8       0x84 ./Core/Src/main.o
 .text.MX_GPIO_Init
                0x000000000800224c      0x134 ./Core/Src/main.o
 .text.RTC_CalendarShow
                0x0000000008002380       0x68 ./Core/Src/main.o
 .text.HAL_TIM_PeriodElapsedCallback
                0x00000000080023e8       0x20 ./Core/Src/main.o
                0x00000000080023e8                HAL_TIM_PeriodElapsedCallback
 .text.HAL_UART_RxCpltCallback
                0x0000000008002408       0x14 ./Core/Src/main.o
                0x0000000008002408                HAL_UART_RxCpltCallback
 .text.HAL_UARTEx_RxEventCallback
                0x000000000800241c       0x24 ./Core/Src/main.o
                0x000000000800241c                HAL_UARTEx_RxEventCallback
 .text.Error_Handler
                0x0000000008002440       0x12 ./Core/Src/main.o
                0x0000000008002440                Error_Handler
 *fill*         0x0000000008002452        0x2 
 .text.HAL_MspInit
                0x0000000008002454       0x48 ./Core/Src/stm32l4xx_hal_msp.o
                0x0000000008002454                HAL_MspInit
 .text.HAL_I2C_MspInit
                0x000000000800249c      0x174 ./Core/Src/stm32l4xx_hal_msp.o
                0x000000000800249c                HAL_I2C_MspInit
 .text.HAL_RTC_MspInit
                0x0000000008002610       0x64 ./Core/Src/stm32l4xx_hal_msp.o
                0x0000000008002610                HAL_RTC_MspInit
 .text.HAL_SD_MspInit
                0x0000000008002674      0x138 ./Core/Src/stm32l4xx_hal_msp.o
                0x0000000008002674                HAL_SD_MspInit
 .text.HAL_SPI_MspInit
                0x00000000080027ac       0xc4 ./Core/Src/stm32l4xx_hal_msp.o
                0x00000000080027ac                HAL_SPI_MspInit
 .text.HAL_TIM_Base_MspInit
                0x0000000008002870       0x4c ./Core/Src/stm32l4xx_hal_msp.o
                0x0000000008002870                HAL_TIM_Base_MspInit
 .text.HAL_UART_MspInit
                0x00000000080028bc      0x170 ./Core/Src/stm32l4xx_hal_msp.o
                0x00000000080028bc                HAL_UART_MspInit
 .text.NMI_Handler
                0x0000000008002a2c        0x6 ./Core/Src/stm32l4xx_it.o
                0x0000000008002a2c                NMI_Handler
 .text.HardFault_Handler
                0x0000000008002a32        0x6 ./Core/Src/stm32l4xx_it.o
                0x0000000008002a32                HardFault_Handler
 .text.MemManage_Handler
                0x0000000008002a38        0x6 ./Core/Src/stm32l4xx_it.o
                0x0000000008002a38                MemManage_Handler
 .text.BusFault_Handler
                0x0000000008002a3e        0x6 ./Core/Src/stm32l4xx_it.o
                0x0000000008002a3e                BusFault_Handler
 .text.UsageFault_Handler
                0x0000000008002a44        0x6 ./Core/Src/stm32l4xx_it.o
                0x0000000008002a44                UsageFault_Handler
 .text.SVC_Handler
                0x0000000008002a4a        0xe ./Core/Src/stm32l4xx_it.o
                0x0000000008002a4a                SVC_Handler
 .text.DebugMon_Handler
                0x0000000008002a58        0xe ./Core/Src/stm32l4xx_it.o
                0x0000000008002a58                DebugMon_Handler
 .text.PendSV_Handler
                0x0000000008002a66        0xe ./Core/Src/stm32l4xx_it.o
                0x0000000008002a66                PendSV_Handler
 .text.SysTick_Handler
                0x0000000008002a74        0xc ./Core/Src/stm32l4xx_it.o
                0x0000000008002a74                SysTick_Handler
 .text.DMA1_Channel6_IRQHandler
                0x0000000008002a80       0x14 ./Core/Src/stm32l4xx_it.o
                0x0000000008002a80                DMA1_Channel6_IRQHandler
 .text.DMA1_Channel7_IRQHandler
                0x0000000008002a94       0x14 ./Core/Src/stm32l4xx_it.o
                0x0000000008002a94                DMA1_Channel7_IRQHandler
 .text.TIM1_UP_TIM16_IRQHandler
                0x0000000008002aa8       0x14 ./Core/Src/stm32l4xx_it.o
                0x0000000008002aa8                TIM1_UP_TIM16_IRQHandler
 .text.SDMMC1_IRQHandler
                0x0000000008002abc       0x14 ./Core/Src/stm32l4xx_it.o
                0x0000000008002abc                SDMMC1_IRQHandler
 .text.DMA2_Channel6_IRQHandler
                0x0000000008002ad0       0x14 ./Core/Src/stm32l4xx_it.o
                0x0000000008002ad0                DMA2_Channel6_IRQHandler
 .text.DMA2_Channel7_IRQHandler
                0x0000000008002ae4       0x14 ./Core/Src/stm32l4xx_it.o
                0x0000000008002ae4                DMA2_Channel7_IRQHandler
 .text._getpid  0x0000000008002af8       0x10 ./Core/Src/syscalls.o
                0x0000000008002af8                _getpid
 .text._kill    0x0000000008002b08       0x20 ./Core/Src/syscalls.o
                0x0000000008002b08                _kill
 .text._exit    0x0000000008002b28       0x14 ./Core/Src/syscalls.o
                0x0000000008002b28                _exit
 .text._read    0x0000000008002b3c       0x3a ./Core/Src/syscalls.o
                0x0000000008002b3c                _read
 .text._write   0x0000000008002b76       0x38 ./Core/Src/syscalls.o
                0x0000000008002b76                _write
 .text._close   0x0000000008002bae       0x18 ./Core/Src/syscalls.o
                0x0000000008002bae                _close
 .text._fstat   0x0000000008002bc6       0x20 ./Core/Src/syscalls.o
                0x0000000008002bc6                _fstat
 .text._isatty  0x0000000008002be6       0x16 ./Core/Src/syscalls.o
                0x0000000008002be6                _isatty
 .text._lseek   0x0000000008002bfc       0x1a ./Core/Src/syscalls.o
                0x0000000008002bfc                _lseek
 *fill*         0x0000000008002c16        0x2 
 .text._sbrk    0x0000000008002c18       0x6c ./Core/Src/sysmem.o
                0x0000000008002c18                _sbrk
 .text.SystemInit
                0x0000000008002c84       0x24 ./Core/Src/system_stm32l4xx.o
                0x0000000008002c84                SystemInit
 .text.Reset_Handler
                0x0000000008002ca8       0x50 ./Core/Startup/startup_stm32l476rgtx.o
                0x0000000008002ca8                Reset_Handler
 .text.Default_Handler
                0x0000000008002cf8        0x2 ./Core/Startup/startup_stm32l476rgtx.o
                0x0000000008002cf8                TIM1_BRK_TIM15_IRQHandler
                0x0000000008002cf8                EXTI2_IRQHandler
                0x0000000008002cf8                TIM8_TRG_COM_IRQHandler
                0x0000000008002cf8                TIM8_CC_IRQHandler
                0x0000000008002cf8                TIM1_CC_IRQHandler
                0x0000000008002cf8                TSC_IRQHandler
                0x0000000008002cf8                TAMP_STAMP_IRQHandler
                0x0000000008002cf8                EXTI3_IRQHandler
                0x0000000008002cf8                LPTIM2_IRQHandler
                0x0000000008002cf8                DFSDM1_FLT1_IRQHandler
                0x0000000008002cf8                I2C3_ER_IRQHandler
                0x0000000008002cf8                DFSDM1_FLT2_IRQHandler
                0x0000000008002cf8                EXTI0_IRQHandler
                0x0000000008002cf8                I2C2_EV_IRQHandler
                0x0000000008002cf8                CAN1_RX0_IRQHandler
                0x0000000008002cf8                FPU_IRQHandler
                0x0000000008002cf8                ADC1_2_IRQHandler
                0x0000000008002cf8                SPI1_IRQHandler
                0x0000000008002cf8                TIM6_DAC_IRQHandler
                0x0000000008002cf8                TIM8_UP_IRQHandler
                0x0000000008002cf8                DMA2_Channel2_IRQHandler
                0x0000000008002cf8                DMA1_Channel4_IRQHandler
                0x0000000008002cf8                SAI2_IRQHandler
                0x0000000008002cf8                DFSDM1_FLT3_IRQHandler
                0x0000000008002cf8                USART3_IRQHandler
                0x0000000008002cf8                CAN1_RX1_IRQHandler
                0x0000000008002cf8                LCD_IRQHandler
                0x0000000008002cf8                UART5_IRQHandler
                0x0000000008002cf8                ADC3_IRQHandler
                0x0000000008002cf8                TIM4_IRQHandler
                0x0000000008002cf8                DMA2_Channel1_IRQHandler
                0x0000000008002cf8                QUADSPI_IRQHandler
                0x0000000008002cf8                I2C1_EV_IRQHandler
                0x0000000008002cf8                UART4_IRQHandler
                0x0000000008002cf8                DMA2_Channel4_IRQHandler
                0x0000000008002cf8                TIM3_IRQHandler
                0x0000000008002cf8                RCC_IRQHandler
                0x0000000008002cf8                DMA1_Channel1_IRQHandler
                0x0000000008002cf8                Default_Handler
                0x0000000008002cf8                EXTI15_10_IRQHandler
                0x0000000008002cf8                TIM7_IRQHandler
                0x0000000008002cf8                TIM5_IRQHandler
                0x0000000008002cf8                I2C3_EV_IRQHandler
                0x0000000008002cf8                EXTI9_5_IRQHandler
                0x0000000008002cf8                RTC_WKUP_IRQHandler
                0x0000000008002cf8                PVD_PVM_IRQHandler
                0x0000000008002cf8                SPI2_IRQHandler
                0x0000000008002cf8                CAN1_TX_IRQHandler
                0x0000000008002cf8                DMA2_Channel5_IRQHandler
                0x0000000008002cf8                DMA1_Channel5_IRQHandler
                0x0000000008002cf8                EXTI4_IRQHandler
                0x0000000008002cf8                RNG_IRQHandler
                0x0000000008002cf8                TIM1_TRG_COM_TIM17_IRQHandler
                0x0000000008002cf8                DMA1_Channel3_IRQHandler
                0x0000000008002cf8                COMP_IRQHandler
                0x0000000008002cf8                WWDG_IRQHandler
                0x0000000008002cf8                LPUART1_IRQHandler
                0x0000000008002cf8                TIM2_IRQHandler
                0x0000000008002cf8                EXTI1_IRQHandler
                0x0000000008002cf8                USART2_IRQHandler
                0x0000000008002cf8                DFSDM1_FLT0_IRQHandler
                0x0000000008002cf8                I2C2_ER_IRQHandler
                0x0000000008002cf8                DMA1_Channel2_IRQHandler
                0x0000000008002cf8                TIM8_BRK_IRQHandler
                0x0000000008002cf8                CAN1_SCE_IRQHandler
                0x0000000008002cf8                FLASH_IRQHandler
                0x0000000008002cf8                USART1_IRQHandler
                0x0000000008002cf8                OTG_FS_IRQHandler
                0x0000000008002cf8                SPI3_IRQHandler
                0x0000000008002cf8                I2C1_ER_IRQHandler
                0x0000000008002cf8                FMC_IRQHandler
                0x0000000008002cf8                SWPMI1_IRQHandler
                0x0000000008002cf8                LPTIM1_IRQHandler
                0x0000000008002cf8                SAI1_IRQHandler
                0x0000000008002cf8                DMA2_Channel3_IRQHandler
                0x0000000008002cf8                RTC_Alarm_IRQHandler
 *fill*         0x0000000008002cfa        0x2 
 .text.HAL_Init
                0x0000000008002cfc       0x40 ./Drivers/STM32L4xx_HAL_Driver/Src/stm32l4xx_hal.o
                0x0000000008002cfc                HAL_Init
 .text.HAL_InitTick
                0x0000000008002d3c       0x78 ./Drivers/STM32L4xx_HAL_Driver/Src/stm32l4xx_hal.o
                0x0000000008002d3c                HAL_InitTick
 .text.HAL_IncTick
                0x0000000008002db4       0x28 ./Drivers/STM32L4xx_HAL_Driver/Src/stm32l4xx_hal.o
                0x0000000008002db4                HAL_IncTick
 .text.HAL_GetTick
                0x0000000008002ddc       0x18 ./Drivers/STM32L4xx_HAL_Driver/Src/stm32l4xx_hal.o
                0x0000000008002ddc                HAL_GetTick
 .text.HAL_Delay
                0x0000000008002df4       0x48 ./Drivers/STM32L4xx_HAL_Driver/Src/stm32l4xx_hal.o
                0x0000000008002df4                HAL_Delay
 .text.__NVIC_SetPriorityGrouping
                0x0000000008002e3c       0x48 ./Drivers/STM32L4xx_HAL_Driver/Src/stm32l4xx_hal_cortex.o
 .text.__NVIC_GetPriorityGrouping
                0x0000000008002e84       0x1c ./Drivers/STM32L4xx_HAL_Driver/Src/stm32l4xx_hal_cortex.o
 .text.__NVIC_EnableIRQ
                0x0000000008002ea0       0x3c ./Drivers/STM32L4xx_HAL_Driver/Src/stm32l4xx_hal_cortex.o
 .text.__NVIC_SetPriority
                0x0000000008002edc       0x54 ./Drivers/STM32L4xx_HAL_Driver/Src/stm32l4xx_hal_cortex.o
 .text.NVIC_EncodePriority
                0x0000000008002f30       0x66 ./Drivers/STM32L4xx_HAL_Driver/Src/stm32l4xx_hal_cortex.o
 *fill*         0x0000000008002f96        0x2 
 .text.SysTick_Config
                0x0000000008002f98       0x44 ./Drivers/STM32L4xx_HAL_Driver/Src/stm32l4xx_hal_cortex.o
 .text.HAL_NVIC_SetPriorityGrouping
                0x0000000008002fdc       0x16 ./Drivers/STM32L4xx_HAL_Driver/Src/stm32l4xx_hal_cortex.o
                0x0000000008002fdc                HAL_NVIC_SetPriorityGrouping
 .text.HAL_NVIC_SetPriority
                0x0000000008002ff2       0x38 ./Drivers/STM32L4xx_HAL_Driver/Src/stm32l4xx_hal_cortex.o
                0x0000000008002ff2                HAL_NVIC_SetPriority
 .text.HAL_NVIC_EnableIRQ
                0x000000000800302a       0x1c ./Drivers/STM32L4xx_HAL_Driver/Src/stm32l4xx_hal_cortex.o
                0x000000000800302a                HAL_NVIC_EnableIRQ
 .text.HAL_SYSTICK_Config
                0x0000000008003046       0x18 ./Drivers/STM32L4xx_HAL_Driver/Src/stm32l4xx_hal_cortex.o
                0x0000000008003046                HAL_SYSTICK_Config
 *fill*         0x000000000800305e        0x2 
 .text.HAL_DMA_Init
                0x0000000008003060      0x170 ./Drivers/STM32L4xx_HAL_Driver/Src/stm32l4xx_hal_dma.o
                0x0000000008003060                HAL_DMA_Init
 .text.HAL_DMA_Start_IT
                0x00000000080031d0       0xc0 ./Drivers/STM32L4xx_HAL_Driver/Src/stm32l4xx_hal_dma.o
                0x00000000080031d0                HAL_DMA_Start_IT
 .text.HAL_DMA_Abort_IT
                0x0000000008003290       0x82 ./Drivers/STM32L4xx_HAL_Driver/Src/stm32l4xx_hal_dma.o
                0x0000000008003290                HAL_DMA_Abort_IT
 .text.HAL_DMA_IRQHandler
                0x0000000008003312      0x15e ./Drivers/STM32L4xx_HAL_Driver/Src/stm32l4xx_hal_dma.o
                0x0000000008003312                HAL_DMA_IRQHandler
 .text.DMA_SetConfig
                0x0000000008003470       0x60 ./Drivers/STM32L4xx_HAL_Driver/Src/stm32l4xx_hal_dma.o
 .text.HAL_GPIO_Init
                0x00000000080034d0      0x354 ./Drivers/STM32L4xx_HAL_Driver/Src/stm32l4xx_hal_gpio.o
                0x00000000080034d0                HAL_GPIO_Init
 .text.HAL_GPIO_ReadPin
                0x0000000008003824       0x30 ./Drivers/STM32L4xx_HAL_Driver/Src/stm32l4xx_hal_gpio.o
                0x0000000008003824                HAL_GPIO_ReadPin
 .text.HAL_GPIO_WritePin
                0x0000000008003854       0x30 ./Drivers/STM32L4xx_HAL_Driver/Src/stm32l4xx_hal_gpio.o
                0x0000000008003854                HAL_GPIO_WritePin
 .text.HAL_I2C_Init
                0x0000000008003884      0x11e ./Drivers/STM32L4xx_HAL_Driver/Src/stm32l4xx_hal_i2c.o
                0x0000000008003884                HAL_I2C_Init
 *fill*         0x00000000080039a2        0x2 
 .text.HAL_I2C_Master_Transmit
                0x00000000080039a4      0x1e8 ./Drivers/STM32L4xx_HAL_Driver/Src/stm32l4xx_hal_i2c.o
                0x00000000080039a4                HAL_I2C_Master_Transmit
 .text.HAL_I2C_Master_Receive
                0x0000000008003b8c      0x1ec ./Drivers/STM32L4xx_HAL_Driver/Src/stm32l4xx_hal_i2c.o
                0x0000000008003b8c                HAL_I2C_Master_Receive
 .text.HAL_I2C_GetState
                0x0000000008003d78       0x1c ./Drivers/STM32L4xx_HAL_Driver/Src/stm32l4xx_hal_i2c.o
                0x0000000008003d78                HAL_I2C_GetState
 .text.HAL_I2C_GetError
                0x0000000008003d94       0x18 ./Drivers/STM32L4xx_HAL_Driver/Src/stm32l4xx_hal_i2c.o
                0x0000000008003d94                HAL_I2C_GetError
 .text.I2C_Flush_TXDR
                0x0000000008003dac       0x48 ./Drivers/STM32L4xx_HAL_Driver/Src/stm32l4xx_hal_i2c.o
 .text.I2C_WaitOnFlagUntilTimeout
                0x0000000008003df4       0x80 ./Drivers/STM32L4xx_HAL_Driver/Src/stm32l4xx_hal_i2c.o
 .text.I2C_WaitOnTXISFlagUntilTimeout
                0x0000000008003e74       0x80 ./Drivers/STM32L4xx_HAL_Driver/Src/stm32l4xx_hal_i2c.o
 .text.I2C_WaitOnSTOPFlagUntilTimeout
                0x0000000008003ef4       0x78 ./Drivers/STM32L4xx_HAL_Driver/Src/stm32l4xx_hal_i2c.o
 .text.I2C_WaitOnRXNEFlagUntilTimeout
                0x0000000008003f6c       0xf4 ./Drivers/STM32L4xx_HAL_Driver/Src/stm32l4xx_hal_i2c.o
 .text.I2C_IsErrorOccurred
                0x0000000008004060      0x1d8 ./Drivers/STM32L4xx_HAL_Driver/Src/stm32l4xx_hal_i2c.o
 .text.I2C_TransferConfig
                0x0000000008004238       0x64 ./Drivers/STM32L4xx_HAL_Driver/Src/stm32l4xx_hal_i2c.o
 .text.HAL_I2CEx_ConfigAnalogFilter
                0x000000000800429c       0x96 ./Drivers/STM32L4xx_HAL_Driver/Src/stm32l4xx_hal_i2c_ex.o
                0x000000000800429c                HAL_I2CEx_ConfigAnalogFilter
 .text.HAL_I2CEx_ConfigDigitalFilter
                0x0000000008004332       0x98 ./Drivers/STM32L4xx_HAL_Driver/Src/stm32l4xx_hal_i2c_ex.o
                0x0000000008004332                HAL_I2CEx_ConfigDigitalFilter
 *fill*         0x00000000080043ca        0x2 
 .text.HAL_PWREx_GetVoltageRange
                0x00000000080043cc       0x1c ./Drivers/STM32L4xx_HAL_Driver/Src/stm32l4xx_hal_pwr_ex.o
                0x00000000080043cc                HAL_PWREx_GetVoltageRange
 .text.HAL_PWREx_ControlVoltageScaling
                0x00000000080043e8       0xac ./Drivers/STM32L4xx_HAL_Driver/Src/stm32l4xx_hal_pwr_ex.o
                0x00000000080043e8                HAL_PWREx_ControlVoltageScaling
 .text.HAL_RCC_OscConfig
                0x0000000008004494      0x7b8 ./Drivers/STM32L4xx_HAL_Driver/Src/stm32l4xx_hal_rcc.o
                0x0000000008004494                HAL_RCC_OscConfig
 .text.HAL_RCC_ClockConfig
                0x0000000008004c4c      0x200 ./Drivers/STM32L4xx_HAL_Driver/Src/stm32l4xx_hal_rcc.o
                0x0000000008004c4c                HAL_RCC_ClockConfig
 .text.HAL_RCC_GetSysClockFreq
                0x0000000008004e4c      0x118 ./Drivers/STM32L4xx_HAL_Driver/Src/stm32l4xx_hal_rcc.o
                0x0000000008004e4c                HAL_RCC_GetSysClockFreq
 .text.HAL_RCC_GetHCLKFreq
                0x0000000008004f64       0x18 ./Drivers/STM32L4xx_HAL_Driver/Src/stm32l4xx_hal_rcc.o
                0x0000000008004f64                HAL_RCC_GetHCLKFreq
 .text.HAL_RCC_GetPCLK1Freq
                0x0000000008004f7c       0x2c ./Drivers/STM32L4xx_HAL_Driver/Src/stm32l4xx_hal_rcc.o
                0x0000000008004f7c                HAL_RCC_GetPCLK1Freq
 .text.HAL_RCC_GetPCLK2Freq
                0x0000000008004fa8       0x2c ./Drivers/STM32L4xx_HAL_Driver/Src/stm32l4xx_hal_rcc.o
                0x0000000008004fa8                HAL_RCC_GetPCLK2Freq
 .text.RCC_SetFlashLatencyFromMSIRange
                0x0000000008004fd4       0xc0 ./Drivers/STM32L4xx_HAL_Driver/Src/stm32l4xx_hal_rcc.o
 .text.HAL_RCCEx_PeriphCLKConfig
                0x0000000008005094      0x5d4 ./Drivers/STM32L4xx_HAL_Driver/Src/stm32l4xx_hal_rcc_ex.o
                0x0000000008005094                HAL_RCCEx_PeriphCLKConfig
 .text.HAL_RCCEx_GetPeriphCLKFreq
                0x0000000008005668      0xadc ./Drivers/STM32L4xx_HAL_Driver/Src/stm32l4xx_hal_rcc_ex.o
                0x0000000008005668                HAL_RCCEx_GetPeriphCLKFreq
 .text.RCCEx_PLLSAI1_Config
                0x0000000008006144      0x1e8 ./Drivers/STM32L4xx_HAL_Driver/Src/stm32l4xx_hal_rcc_ex.o
 .text.RCCEx_PLLSAI2_Config
                0x000000000800632c      0x1bc ./Drivers/STM32L4xx_HAL_Driver/Src/stm32l4xx_hal_rcc_ex.o
 .text.RCCEx_GetSAIxPeriphCLKFreq
                0x00000000080064e8      0x1e0 ./Drivers/STM32L4xx_HAL_Driver/Src/stm32l4xx_hal_rcc_ex.o
 .text.HAL_RTC_Init
                0x00000000080066c8       0xf6 ./Drivers/STM32L4xx_HAL_Driver/Src/stm32l4xx_hal_rtc.o
                0x00000000080066c8                HAL_RTC_Init
 .text.HAL_RTC_SetTime
                0x00000000080067be      0x13a ./Drivers/STM32L4xx_HAL_Driver/Src/stm32l4xx_hal_rtc.o
                0x00000000080067be                HAL_RTC_SetTime
 .text.HAL_RTC_GetTime
                0x00000000080068f8       0xb8 ./Drivers/STM32L4xx_HAL_Driver/Src/stm32l4xx_hal_rtc.o
                0x00000000080068f8                HAL_RTC_GetTime
 .text.HAL_RTC_SetDate
                0x00000000080069b0      0x10e ./Drivers/STM32L4xx_HAL_Driver/Src/stm32l4xx_hal_rtc.o
                0x00000000080069b0                HAL_RTC_SetDate
 .text.HAL_RTC_GetDate
                0x0000000008006abe       0x9a ./Drivers/STM32L4xx_HAL_Driver/Src/stm32l4xx_hal_rtc.o
                0x0000000008006abe                HAL_RTC_GetDate
 .text.HAL_RTC_WaitForSynchro
                0x0000000008006b58       0x4c ./Drivers/STM32L4xx_HAL_Driver/Src/stm32l4xx_hal_rtc.o
                0x0000000008006b58                HAL_RTC_WaitForSynchro
 .text.RTC_EnterInitMode
                0x0000000008006ba4       0x66 ./Drivers/STM32L4xx_HAL_Driver/Src/stm32l4xx_hal_rtc.o
                0x0000000008006ba4                RTC_EnterInitMode
 *fill*         0x0000000008006c0a        0x2 
 .text.RTC_ExitInitMode
                0x0000000008006c0c       0x7c ./Drivers/STM32L4xx_HAL_Driver/Src/stm32l4xx_hal_rtc.o
                0x0000000008006c0c                RTC_ExitInitMode
 .text.RTC_ByteToBcd2
                0x0000000008006c88       0x40 ./Drivers/STM32L4xx_HAL_Driver/Src/stm32l4xx_hal_rtc.o
                0x0000000008006c88                RTC_ByteToBcd2
 .text.RTC_Bcd2ToByte
                0x0000000008006cc8       0x34 ./Drivers/STM32L4xx_HAL_Driver/Src/stm32l4xx_hal_rtc.o
                0x0000000008006cc8                RTC_Bcd2ToByte
 .text.HAL_RTCEx_SetTimeStamp_IT
                0x0000000008006cfc       0xbc ./Drivers/STM32L4xx_HAL_Driver/Src/stm32l4xx_hal_rtc_ex.o
                0x0000000008006cfc                HAL_RTCEx_SetTimeStamp_IT
 .text.HAL_RTCEx_BKUPWrite
                0x0000000008006db8       0x32 ./Drivers/STM32L4xx_HAL_Driver/Src/stm32l4xx_hal_rtc_ex.o
                0x0000000008006db8                HAL_RTCEx_BKUPWrite
 .text.HAL_RTCEx_BKUPRead
                0x0000000008006dea       0x2c ./Drivers/STM32L4xx_HAL_Driver/Src/stm32l4xx_hal_rtc_ex.o
                0x0000000008006dea                HAL_RTCEx_BKUPRead
 .text.HAL_SD_Init
                0x0000000008006e16       0x60 ./Drivers/STM32L4xx_HAL_Driver/Src/stm32l4xx_hal_sd.o
                0x0000000008006e16                HAL_SD_Init
 *fill*         0x0000000008006e76        0x2 
 .text.HAL_SD_InitCard
                0x0000000008006e78      0x14c ./Drivers/STM32L4xx_HAL_Driver/Src/stm32l4xx_hal_sd.o
                0x0000000008006e78                HAL_SD_InitCard
 .text.HAL_SD_ReadBlocks
                0x0000000008006fc4      0x3bc ./Drivers/STM32L4xx_HAL_Driver/Src/stm32l4xx_hal_sd.o
                0x0000000008006fc4                HAL_SD_ReadBlocks
 .text.HAL_SD_WriteBlocks
                0x0000000008007380      0x30c ./Drivers/STM32L4xx_HAL_Driver/Src/stm32l4xx_hal_sd.o
                0x0000000008007380                HAL_SD_WriteBlocks
 .text.HAL_SD_IRQHandler
                0x000000000800768c      0x2ec ./Drivers/STM32L4xx_HAL_Driver/Src/stm32l4xx_hal_sd.o
                0x000000000800768c                HAL_SD_IRQHandler
 .text.HAL_SD_ErrorCallback
                0x0000000008007978       0x14 ./Drivers/STM32L4xx_HAL_Driver/Src/stm32l4xx_hal_sd.o
                0x0000000008007978                HAL_SD_ErrorCallback
 .text.HAL_SD_GetCardCSD
                0x000000000800798c      0x348 ./Drivers/STM32L4xx_HAL_Driver/Src/stm32l4xx_hal_sd.o
                0x000000000800798c                HAL_SD_GetCardCSD
 .text.HAL_SD_GetCardInfo
                0x0000000008007cd4       0x58 ./Drivers/STM32L4xx_HAL_Driver/Src/stm32l4xx_hal_sd.o
                0x0000000008007cd4                HAL_SD_GetCardInfo
 .text.HAL_SD_GetCardState
                0x0000000008007d2c       0x40 ./Drivers/STM32L4xx_HAL_Driver/Src/stm32l4xx_hal_sd.o
                0x0000000008007d2c                HAL_SD_GetCardState
 .text.SD_DMATxAbort
                0x0000000008007d6c       0x6e ./Drivers/STM32L4xx_HAL_Driver/Src/stm32l4xx_hal_sd.o
 .text.SD_DMARxAbort
                0x0000000008007dda       0x6e ./Drivers/STM32L4xx_HAL_Driver/Src/stm32l4xx_hal_sd.o
 .text.SD_InitCard
                0x0000000008007e48      0x19c ./Drivers/STM32L4xx_HAL_Driver/Src/stm32l4xx_hal_sd.o
 .text.SD_PowerON
                0x0000000008007fe4      0x11c ./Drivers/STM32L4xx_HAL_Driver/Src/stm32l4xx_hal_sd.o
 .text.SD_SendStatus
                0x0000000008008100       0x50 ./Drivers/STM32L4xx_HAL_Driver/Src/stm32l4xx_hal_sd.o
 .text.SD_Read_IT
                0x0000000008008150       0xa2 ./Drivers/STM32L4xx_HAL_Driver/Src/stm32l4xx_hal_sd.o
 .text.SD_Write_IT
                0x00000000080081f2       0xaa ./Drivers/STM32L4xx_HAL_Driver/Src/stm32l4xx_hal_sd.o
 .text.HAL_SPI_Init
                0x000000000800829c      0x146 ./Drivers/STM32L4xx_HAL_Driver/Src/stm32l4xx_hal_spi.o
                0x000000000800829c                HAL_SPI_Init
 .text.HAL_TIM_Base_Init
                0x00000000080083e2       0xae ./Drivers/STM32L4xx_HAL_Driver/Src/stm32l4xx_hal_tim.o
                0x00000000080083e2                HAL_TIM_Base_Init
 .text.HAL_TIM_IRQHandler
                0x0000000008008490      0x23e ./Drivers/STM32L4xx_HAL_Driver/Src/stm32l4xx_hal_tim.o
                0x0000000008008490                HAL_TIM_IRQHandler
 .text.HAL_TIM_OC_DelayElapsedCallback
                0x00000000080086ce       0x14 ./Drivers/STM32L4xx_HAL_Driver/Src/stm32l4xx_hal_tim.o
                0x00000000080086ce                HAL_TIM_OC_DelayElapsedCallback
 .text.HAL_TIM_IC_CaptureCallback
                0x00000000080086e2       0x14 ./Drivers/STM32L4xx_HAL_Driver/Src/stm32l4xx_hal_tim.o
                0x00000000080086e2                HAL_TIM_IC_CaptureCallback
 .text.HAL_TIM_PWM_PulseFinishedCallback
                0x00000000080086f6       0x14 ./Drivers/STM32L4xx_HAL_Driver/Src/stm32l4xx_hal_tim.o
                0x00000000080086f6                HAL_TIM_PWM_PulseFinishedCallback
 .text.HAL_TIM_TriggerCallback
                0x000000000800870a       0x14 ./Drivers/STM32L4xx_HAL_Driver/Src/stm32l4xx_hal_tim.o
                0x000000000800870a                HAL_TIM_TriggerCallback
 *fill*         0x000000000800871e        0x2 
 .text.TIM_Base_SetConfig
                0x0000000008008720      0x134 ./Drivers/STM32L4xx_HAL_Driver/Src/stm32l4xx_hal_tim.o
                0x0000000008008720                TIM_Base_SetConfig
 .text.HAL_TIMEx_CommutCallback
                0x0000000008008854       0x14 ./Drivers/STM32L4xx_HAL_Driver/Src/stm32l4xx_hal_tim_ex.o
                0x0000000008008854                HAL_TIMEx_CommutCallback
 .text.HAL_TIMEx_BreakCallback
                0x0000000008008868       0x14 ./Drivers/STM32L4xx_HAL_Driver/Src/stm32l4xx_hal_tim_ex.o
                0x0000000008008868                HAL_TIMEx_BreakCallback
 .text.HAL_TIMEx_Break2Callback
                0x000000000800887c       0x14 ./Drivers/STM32L4xx_HAL_Driver/Src/stm32l4xx_hal_tim_ex.o
                0x000000000800887c                HAL_TIMEx_Break2Callback
 .text.HAL_UART_Init
                0x0000000008008890       0x9c ./Drivers/STM32L4xx_HAL_Driver/Src/stm32l4xx_hal_uart.o
                0x0000000008008890                HAL_UART_Init
 .text.HAL_UART_RxHalfCpltCallback
                0x000000000800892c       0x14 ./Drivers/STM32L4xx_HAL_Driver/Src/stm32l4xx_hal_uart.o
                0x000000000800892c                HAL_UART_RxHalfCpltCallback
 .text.HAL_UART_ErrorCallback
                0x0000000008008940       0x14 ./Drivers/STM32L4xx_HAL_Driver/Src/stm32l4xx_hal_uart.o
                0x0000000008008940                HAL_UART_ErrorCallback
 .text.UART_SetConfig
                0x0000000008008954      0x570 ./Drivers/STM32L4xx_HAL_Driver/Src/stm32l4xx_hal_uart.o
                0x0000000008008954                UART_SetConfig
 .text.UART_AdvFeatureConfig
                0x0000000008008ec4      0x144 ./Drivers/STM32L4xx_HAL_Driver/Src/stm32l4xx_hal_uart.o
                0x0000000008008ec4                UART_AdvFeatureConfig
 .text.UART_CheckIdleState
                0x0000000008009008       0x92 ./Drivers/STM32L4xx_HAL_Driver/Src/stm32l4xx_hal_uart.o
                0x0000000008009008                UART_CheckIdleState
 .text.UART_WaitOnFlagUntilTimeout
                0x000000000800909a      0x188 ./Drivers/STM32L4xx_HAL_Driver/Src/stm32l4xx_hal_uart.o
                0x000000000800909a                UART_WaitOnFlagUntilTimeout
 *fill*         0x0000000008009222        0x2 
 .text.UART_Start_Receive_DMA
                0x0000000008009224      0x14c ./Drivers/STM32L4xx_HAL_Driver/Src/stm32l4xx_hal_uart.o
                0x0000000008009224                UART_Start_Receive_DMA
 .text.UART_EndTxTransfer
                0x0000000008009370       0x4c ./Drivers/STM32L4xx_HAL_Driver/Src/stm32l4xx_hal_uart.o
 .text.UART_EndRxTransfer
                0x00000000080093bc       0xc6 ./Drivers/STM32L4xx_HAL_Driver/Src/stm32l4xx_hal_uart.o
 .text.UART_DMAReceiveCplt
                0x0000000008009482      0x124 ./Drivers/STM32L4xx_HAL_Driver/Src/stm32l4xx_hal_uart.o
 .text.UART_DMARxHalfCplt
                0x00000000080095a6       0x38 ./Drivers/STM32L4xx_HAL_Driver/Src/stm32l4xx_hal_uart.o
 .text.UART_DMAError
                0x00000000080095de       0x7c ./Drivers/STM32L4xx_HAL_Driver/Src/stm32l4xx_hal_uart.o
 .text.HAL_UARTEx_ReceiveToIdle_DMA
                0x000000000800965a       0xb6 ./Drivers/STM32L4xx_HAL_Driver/Src/stm32l4xx_hal_uart_ex.o
                0x000000000800965a                HAL_UARTEx_ReceiveToIdle_DMA
 .text.SDMMC_Init
                0x0000000008009710       0x5a ./Drivers/STM32L4xx_HAL_Driver/Src/stm32l4xx_ll_sdmmc.o
                0x0000000008009710                SDMMC_Init
 .text.SDMMC_ReadFIFO
                0x000000000800976a       0x1a ./Drivers/STM32L4xx_HAL_Driver/Src/stm32l4xx_ll_sdmmc.o
                0x000000000800976a                SDMMC_ReadFIFO
 .text.SDMMC_WriteFIFO
                0x0000000008009784       0x22 ./Drivers/STM32L4xx_HAL_Driver/Src/stm32l4xx_ll_sdmmc.o
                0x0000000008009784                SDMMC_WriteFIFO
 .text.SDMMC_PowerState_ON
                0x00000000080097a6       0x1e ./Drivers/STM32L4xx_HAL_Driver/Src/stm32l4xx_ll_sdmmc.o
                0x00000000080097a6                SDMMC_PowerState_ON
 .text.SDMMC_GetPowerState
                0x00000000080097c4       0x1c ./Drivers/STM32L4xx_HAL_Driver/Src/stm32l4xx_ll_sdmmc.o
                0x00000000080097c4                SDMMC_GetPowerState
 .text.SDMMC_SendCommand
                0x00000000080097e0       0x54 ./Drivers/STM32L4xx_HAL_Driver/Src/stm32l4xx_ll_sdmmc.o
                0x00000000080097e0                SDMMC_SendCommand
 .text.SDMMC_GetCommandResponse
                0x0000000008009834       0x1a ./Drivers/STM32L4xx_HAL_Driver/Src/stm32l4xx_ll_sdmmc.o
                0x0000000008009834                SDMMC_GetCommandResponse
 .text.SDMMC_GetResponse
                0x000000000800984e       0x26 ./Drivers/STM32L4xx_HAL_Driver/Src/stm32l4xx_ll_sdmmc.o
                0x000000000800984e                SDMMC_GetResponse
 .text.SDMMC_ConfigData
                0x0000000008009874       0x58 ./Drivers/STM32L4xx_HAL_Driver/Src/stm32l4xx_ll_sdmmc.o
                0x0000000008009874                SDMMC_ConfigData
 .text.SDMMC_CmdBlockLength
                0x00000000080098cc       0x44 ./Drivers/STM32L4xx_HAL_Driver/Src/stm32l4xx_ll_sdmmc.o
                0x00000000080098cc                SDMMC_CmdBlockLength
 .text.SDMMC_CmdReadSingleBlock
                0x0000000008009910       0x44 ./Drivers/STM32L4xx_HAL_Driver/Src/stm32l4xx_ll_sdmmc.o
                0x0000000008009910                SDMMC_CmdReadSingleBlock
 .text.SDMMC_CmdReadMultiBlock
                0x0000000008009954       0x44 ./Drivers/STM32L4xx_HAL_Driver/Src/stm32l4xx_ll_sdmmc.o
                0x0000000008009954                SDMMC_CmdReadMultiBlock
 .text.SDMMC_CmdWriteSingleBlock
                0x0000000008009998       0x44 ./Drivers/STM32L4xx_HAL_Driver/Src/stm32l4xx_ll_sdmmc.o
                0x0000000008009998                SDMMC_CmdWriteSingleBlock
 .text.SDMMC_CmdWriteMultiBlock
                0x00000000080099dc       0x44 ./Drivers/STM32L4xx_HAL_Driver/Src/stm32l4xx_ll_sdmmc.o
                0x00000000080099dc                SDMMC_CmdWriteMultiBlock
 .text.SDMMC_CmdStopTransfer
                0x0000000008009a20       0x44 ./Drivers/STM32L4xx_HAL_Driver/Src/stm32l4xx_ll_sdmmc.o
                0x0000000008009a20                SDMMC_CmdStopTransfer
 .text.SDMMC_CmdSelDesel
                0x0000000008009a64       0x46 ./Drivers/STM32L4xx_HAL_Driver/Src/stm32l4xx_ll_sdmmc.o
                0x0000000008009a64                SDMMC_CmdSelDesel
 .text.SDMMC_CmdGoIdleState
                0x0000000008009aaa       0x3c ./Drivers/STM32L4xx_HAL_Driver/Src/stm32l4xx_ll_sdmmc.o
                0x0000000008009aaa                SDMMC_CmdGoIdleState
 .text.SDMMC_CmdOperCond
                0x0000000008009ae6       0x3e ./Drivers/STM32L4xx_HAL_Driver/Src/stm32l4xx_ll_sdmmc.o
                0x0000000008009ae6                SDMMC_CmdOperCond
 .text.SDMMC_CmdAppCommand
                0x0000000008009b24       0x44 ./Drivers/STM32L4xx_HAL_Driver/Src/stm32l4xx_ll_sdmmc.o
                0x0000000008009b24                SDMMC_CmdAppCommand
 .text.SDMMC_CmdAppOperCommand
                0x0000000008009b68       0x46 ./Drivers/STM32L4xx_HAL_Driver/Src/stm32l4xx_ll_sdmmc.o
                0x0000000008009b68                SDMMC_CmdAppOperCommand
 .text.SDMMC_CmdSendCID
                0x0000000008009bae       0x3c ./Drivers/STM32L4xx_HAL_Driver/Src/stm32l4xx_ll_sdmmc.o
                0x0000000008009bae                SDMMC_CmdSendCID
 .text.SDMMC_CmdSendCSD
                0x0000000008009bea       0x3e ./Drivers/STM32L4xx_HAL_Driver/Src/stm32l4xx_ll_sdmmc.o
                0x0000000008009bea                SDMMC_CmdSendCSD
 .text.SDMMC_CmdSetRelAdd
                0x0000000008009c28       0x42 ./Drivers/STM32L4xx_HAL_Driver/Src/stm32l4xx_ll_sdmmc.o
                0x0000000008009c28                SDMMC_CmdSetRelAdd
 .text.SDMMC_CmdSendStatus
                0x0000000008009c6a       0x44 ./Drivers/STM32L4xx_HAL_Driver/Src/stm32l4xx_ll_sdmmc.o
                0x0000000008009c6a                SDMMC_CmdSendStatus
 *fill*         0x0000000008009cae        0x2 
 .text.SDMMC_GetCmdResp1
                0x0000000008009cb0      0x1dc ./Drivers/STM32L4xx_HAL_Driver/Src/stm32l4xx_ll_sdmmc.o
                0x0000000008009cb0                SDMMC_GetCmdResp1
 .text.SDMMC_GetCmdResp2
                0x0000000008009e8c       0x90 ./Drivers/STM32L4xx_HAL_Driver/Src/stm32l4xx_ll_sdmmc.o
                0x0000000008009e8c                SDMMC_GetCmdResp2
 .text.SDMMC_GetCmdResp3
                0x0000000008009f1c       0x7c ./Drivers/STM32L4xx_HAL_Driver/Src/stm32l4xx_ll_sdmmc.o
                0x0000000008009f1c                SDMMC_GetCmdResp3
 .text.SDMMC_GetCmdResp6
                0x0000000008009f98       0xec ./Drivers/STM32L4xx_HAL_Driver/Src/stm32l4xx_ll_sdmmc.o
                0x0000000008009f98                SDMMC_GetCmdResp6
 .text.SDMMC_GetCmdResp7
                0x000000000800a084       0x9c ./Drivers/STM32L4xx_HAL_Driver/Src/stm32l4xx_ll_sdmmc.o
                0x000000000800a084                SDMMC_GetCmdResp7
 .text.SDMMC_GetCmdError
                0x000000000800a120       0x58 ./Drivers/STM32L4xx_HAL_Driver/Src/stm32l4xx_ll_sdmmc.o
 .text.MX_FATFS_Init
                0x000000000800a178       0x24 ./FATFS/App/fatfs.o
                0x000000000800a178                MX_FATFS_Init
 .text.get_fattime
                0x000000000800a19c       0x10 ./FATFS/App/fatfs.o
                0x000000000800a19c                get_fattime
 .text.BSP_SD_Init
                0x000000000800a1ac       0x30 ./FATFS/Target/bsp_driver_sd.o
                0x000000000800a1ac                BSP_SD_Init
 .text.BSP_SD_ReadBlocks
                0x000000000800a1dc       0x3c ./FATFS/Target/bsp_driver_sd.o
                0x000000000800a1dc                BSP_SD_ReadBlocks
 .text.BSP_SD_WriteBlocks
                0x000000000800a218       0x3c ./FATFS/Target/bsp_driver_sd.o
                0x000000000800a218                BSP_SD_WriteBlocks
 .text.BSP_SD_GetCardState
                0x000000000800a254       0x20 ./FATFS/Target/bsp_driver_sd.o
                0x000000000800a254                BSP_SD_GetCardState
 .text.BSP_SD_GetCardInfo
                0x000000000800a274       0x1c ./FATFS/Target/bsp_driver_sd.o
                0x000000000800a274                BSP_SD_GetCardInfo
 .text.HAL_SD_AbortCallback
                0x000000000800a290       0x14 ./FATFS/Target/bsp_driver_sd.o
                0x000000000800a290                HAL_SD_AbortCallback
 .text.HAL_SD_TxCpltCallback
                0x000000000800a2a4       0x14 ./FATFS/Target/bsp_driver_sd.o
                0x000000000800a2a4                HAL_SD_TxCpltCallback
 .text.HAL_SD_RxCpltCallback
                0x000000000800a2b8       0x14 ./FATFS/Target/bsp_driver_sd.o
                0x000000000800a2b8                HAL_SD_RxCpltCallback
 .text.BSP_SD_AbortCallback
                0x000000000800a2cc        0xe ./FATFS/Target/bsp_driver_sd.o
                0x000000000800a2cc                BSP_SD_AbortCallback
 .text.BSP_SD_WriteCpltCallback
                0x000000000800a2da        0xe ./FATFS/Target/bsp_driver_sd.o
                0x000000000800a2da                BSP_SD_WriteCpltCallback
 .text.BSP_SD_ReadCpltCallback
                0x000000000800a2e8        0xe ./FATFS/Target/bsp_driver_sd.o
                0x000000000800a2e8                BSP_SD_ReadCpltCallback
 .text.BSP_SD_IsDetected
                0x000000000800a2f6       0x24 ./FATFS/Target/bsp_driver_sd.o
                0x000000000800a2f6                BSP_SD_IsDetected
 *fill*         0x000000000800a31a        0x2 
 .text.BSP_PlatformIsDetected
                0x000000000800a31c       0x44 ./FATFS/Target/fatfs_platform.o
                0x000000000800a31c                BSP_PlatformIsDetected
 .text.SD_CheckStatus
                0x000000000800a360       0x3c ./FATFS/Target/sd_diskio.o
 .text.SD_initialize
                0x000000000800a39c       0x3c ./FATFS/Target/sd_diskio.o
                0x000000000800a39c                SD_initialize
 .text.SD_status
                0x000000000800a3d8       0x1c ./FATFS/Target/sd_diskio.o
                0x000000000800a3d8                SD_status
 .text.SD_read  0x000000000800a3f4       0x42 ./FATFS/Target/sd_diskio.o
                0x000000000800a3f4                SD_read
 .text.SD_write
                0x000000000800a436       0x42 ./FATFS/Target/sd_diskio.o
                0x000000000800a436                SD_write
 .text.SD_ioctl
                0x000000000800a478       0xb0 ./FATFS/Target/sd_diskio.o
                0x000000000800a478                SD_ioctl
 .text.disk_status
                0x000000000800a528       0x34 ./Middlewares/Third_Party/FatFs/src/diskio.o
                0x000000000800a528                disk_status
 .text.disk_initialize
                0x000000000800a55c       0x4c ./Middlewares/Third_Party/FatFs/src/diskio.o
                0x000000000800a55c                disk_initialize
 .text.disk_read
                0x000000000800a5a8       0x40 ./Middlewares/Third_Party/FatFs/src/diskio.o
                0x000000000800a5a8                disk_read
 .text.disk_write
                0x000000000800a5e8       0x40 ./Middlewares/Third_Party/FatFs/src/diskio.o
                0x000000000800a5e8                disk_write
 .text.disk_ioctl
                0x000000000800a628       0x3c ./Middlewares/Third_Party/FatFs/src/diskio.o
                0x000000000800a628                disk_ioctl
 .text.ld_word  0x000000000800a664       0x30 ./Middlewares/Third_Party/FatFs/src/ff.o
 .text.ld_dword
                0x000000000800a694       0x46 ./Middlewares/Third_Party/FatFs/src/ff.o
 .text.st_word  0x000000000800a6da       0x36 ./Middlewares/Third_Party/FatFs/src/ff.o
 .text.st_dword
                0x000000000800a710       0x58 ./Middlewares/Third_Party/FatFs/src/ff.o
 .text.mem_cpy  0x000000000800a768       0x42 ./Middlewares/Third_Party/FatFs/src/ff.o
 .text.mem_set  0x000000000800a7aa       0x36 ./Middlewares/Third_Party/FatFs/src/ff.o
 .text.mem_cmp  0x000000000800a7e0       0x4e ./Middlewares/Third_Party/FatFs/src/ff.o
 .text.chk_chr  0x000000000800a82e       0x36 ./Middlewares/Third_Party/FatFs/src/ff.o
 .text.chk_lock
                0x000000000800a864       0xb8 ./Middlewares/Third_Party/FatFs/src/ff.o
 .text.enq_lock
                0x000000000800a91c       0x44 ./Middlewares/Third_Party/FatFs/src/ff.o
 .text.inc_lock
                0x000000000800a960      0x11c ./Middlewares/Third_Party/FatFs/src/ff.o
 .text.dec_lock
                0x000000000800aa7c       0x78 ./Middlewares/Third_Party/FatFs/src/ff.o
 .text.clear_lock
                0x000000000800aaf4       0x48 ./Middlewares/Third_Party/FatFs/src/ff.o
 .text.sync_window
                0x000000000800ab3c       0x88 ./Middlewares/Third_Party/FatFs/src/ff.o
 .text.move_window
                0x000000000800abc4       0x5a ./Middlewares/Third_Party/FatFs/src/ff.o
 *fill*         0x000000000800ac1e        0x2 
 .text.sync_fs  0x000000000800ac20       0xdc ./Middlewares/Third_Party/FatFs/src/ff.o
 .text.clust2sect
                0x000000000800acfc       0x3e ./Middlewares/Third_Party/FatFs/src/ff.o
 .text.get_fat  0x000000000800ad3a      0x150 ./Middlewares/Third_Party/FatFs/src/ff.o
 .text.put_fat  0x000000000800ae8a      0x1d8 ./Middlewares/Third_Party/FatFs/src/ff.o
 .text.remove_chain
                0x000000000800b062       0xca ./Middlewares/Third_Party/FatFs/src/ff.o
 .text.create_chain
                0x000000000800b12c      0x130 ./Middlewares/Third_Party/FatFs/src/ff.o
 .text.clmt_clust
                0x000000000800b25c       0x68 ./Middlewares/Third_Party/FatFs/src/ff.o
 .text.dir_sdi  0x000000000800b2c4       0xf6 ./Middlewares/Third_Party/FatFs/src/ff.o
 .text.dir_next
                0x000000000800b3ba      0x18a ./Middlewares/Third_Party/FatFs/src/ff.o
 .text.dir_alloc
                0x000000000800b544       0x8e ./Middlewares/Third_Party/FatFs/src/ff.o
 .text.ld_clust
                0x000000000800b5d2       0x3e ./Middlewares/Third_Party/FatFs/src/ff.o
 .text.st_clust
                0x000000000800b610       0x40 ./Middlewares/Third_Party/FatFs/src/ff.o
 .text.dir_find
                0x000000000800b650       0xaa ./Middlewares/Third_Party/FatFs/src/ff.o
 .text.dir_register
                0x000000000800b6fa       0x64 ./Middlewares/Third_Party/FatFs/src/ff.o
 *fill*         0x000000000800b75e        0x2 
 .text.create_name
                0x000000000800b760      0x128 ./Middlewares/Third_Party/FatFs/src/ff.o
 .text.follow_path
                0x000000000800b888       0xe2 ./Middlewares/Third_Party/FatFs/src/ff.o
 .text.get_ldnumber
                0x000000000800b96a       0x88 ./Middlewares/Third_Party/FatFs/src/ff.o
 *fill*         0x000000000800b9f2        0x2 
 .text.check_fs
                0x000000000800b9f4       0xac ./Middlewares/Third_Party/FatFs/src/ff.o
 .text.find_volume
                0x000000000800baa0      0x498 ./Middlewares/Third_Party/FatFs/src/ff.o
 .text.validate
                0x000000000800bf38       0x6a ./Middlewares/Third_Party/FatFs/src/ff.o
 *fill*         0x000000000800bfa2        0x2 
 .text.f_mount  0x000000000800bfa4       0x8c ./Middlewares/Third_Party/FatFs/src/ff.o
                0x000000000800bfa4                f_mount
 .text.f_open   0x000000000800c030      0x37c ./Middlewares/Third_Party/FatFs/src/ff.o
                0x000000000800c030                f_open
 .text.f_write  0x000000000800c3ac      0x2ea ./Middlewares/Third_Party/FatFs/src/ff.o
                0x000000000800c3ac                f_write
 .text.f_sync   0x000000000800c696       0xfc ./Middlewares/Third_Party/FatFs/src/ff.o
                0x000000000800c696                f_sync
 .text.f_close  0x000000000800c792       0x54 ./Middlewares/Third_Party/FatFs/src/ff.o
                0x000000000800c792                f_close
 *fill*         0x000000000800c7e6        0x2 
 .text.FATFS_LinkDriverEx
                0x000000000800c7e8       0x98 ./Middlewares/Third_Party/FatFs/src/ff_gen_drv.o
                0x000000000800c7e8                FATFS_LinkDriverEx
 .text.FATFS_LinkDriver
                0x000000000800c880       0x1e ./Middlewares/Third_Party/FatFs/src/ff_gen_drv.o
                0x000000000800c880                FATFS_LinkDriver
 *fill*         0x000000000800c89e        0x2 
 .text.__errno  0x000000000800c8a0        0xc /Applications/STMicroelectronics/STM32CubeIDE.app/Contents/Eclipse/plugins/com.st.stm32cube.ide.mcu.externaltools.gnu-tools-for-stm32.10.3-2021.10.macos64_1.0.0.202111181127/tools/bin/../lib/gcc/arm-none-eabi/10.3.1/../../../../arm-none-eabi/lib/thumb/v7e-m+fp/hard/libc_nano.a(lib_a-errno.o)
                0x000000000800c8a0                __errno
 .text.__libc_init_array
                0x000000000800c8ac       0x48 /Applications/STMicroelectronics/STM32CubeIDE.app/Contents/Eclipse/plugins/com.st.stm32cube.ide.mcu.externaltools.gnu-tools-for-stm32.10.3-2021.10.macos64_1.0.0.202111181127/tools/bin/../lib/gcc/arm-none-eabi/10.3.1/../../../../arm-none-eabi/lib/thumb/v7e-m+fp/hard/libc_nano.a(lib_a-init.o)
                0x000000000800c8ac                __libc_init_array
 .text.memcpy   0x000000000800c8f4       0x1c /Applications/STMicroelectronics/STM32CubeIDE.app/Contents/Eclipse/plugins/com.st.stm32cube.ide.mcu.externaltools.gnu-tools-for-stm32.10.3-2021.10.macos64_1.0.0.202111181127/tools/bin/../lib/gcc/arm-none-eabi/10.3.1/../../../../arm-none-eabi/lib/thumb/v7e-m+fp/hard/libc_nano.a(lib_a-memcpy-stub.o)
                0x000000000800c8f4                memcpy
 .text.memset   0x000000000800c910       0x10 /Applications/STMicroelectronics/STM32CubeIDE.app/Contents/Eclipse/plugins/com.st.stm32cube.ide.mcu.externaltools.gnu-tools-for-stm32.10.3-2021.10.macos64_1.0.0.202111181127/tools/bin/../lib/gcc/arm-none-eabi/10.3.1/../../../../arm-none-eabi/lib/thumb/v7e-m+fp/hard/libc_nano.a(lib_a-memset.o)
                0x000000000800c910                memset
 .text.__cvt    0x000000000800c920       0xc4 /Applications/STMicroelectronics/STM32CubeIDE.app/Contents/Eclipse/plugins/com.st.stm32cube.ide.mcu.externaltools.gnu-tools-for-stm32.10.3-2021.10.macos64_1.0.0.202111181127/tools/bin/../lib/gcc/arm-none-eabi/10.3.1/../../../../arm-none-eabi/lib/thumb/v7e-m+fp/hard/libc_nano.a(lib_a-nano-vfprintf_float.o)
                0x000000000800c920                __cvt
 .text.__exponent
                0x000000000800c9e4       0x7c /Applications/STMicroelectronics/STM32CubeIDE.app/Contents/Eclipse/plugins/com.st.stm32cube.ide.mcu.externaltools.gnu-tools-for-stm32.10.3-2021.10.macos64_1.0.0.202111181127/tools/bin/../lib/gcc/arm-none-eabi/10.3.1/../../../../arm-none-eabi/lib/thumb/v7e-m+fp/hard/libc_nano.a(lib_a-nano-vfprintf_float.o)
                0x000000000800c9e4                __exponent
 .text._printf_float
                0x000000000800ca60      0x46c /Applications/STMicroelectronics/STM32CubeIDE.app/Contents/Eclipse/plugins/com.st.stm32cube.ide.mcu.externaltools.gnu-tools-for-stm32.10.3-2021.10.macos64_1.0.0.202111181127/tools/bin/../lib/gcc/arm-none-eabi/10.3.1/../../../../arm-none-eabi/lib/thumb/v7e-m+fp/hard/libc_nano.a(lib_a-nano-vfprintf_float.o)
                0x000000000800ca60                _printf_float
 .text._printf_common
                0x000000000800cecc       0xda /Applications/STMicroelectronics/STM32CubeIDE.app/Contents/Eclipse/plugins/com.st.stm32cube.ide.mcu.externaltools.gnu-tools-for-stm32.10.3-2021.10.macos64_1.0.0.202111181127/tools/bin/../lib/gcc/arm-none-eabi/10.3.1/../../../../arm-none-eabi/lib/thumb/v7e-m+fp/hard/libc_nano.a(lib_a-nano-vfprintf_i.o)
                0x000000000800cecc                _printf_common
 *fill*         0x000000000800cfa6        0x2 
 .text._printf_i
                0x000000000800cfa8      0x24c /Applications/STMicroelectronics/STM32CubeIDE.app/Contents/Eclipse/plugins/com.st.stm32cube.ide.mcu.externaltools.gnu-tools-for-stm32.10.3-2021.10.macos64_1.0.0.202111181127/tools/bin/../lib/gcc/arm-none-eabi/10.3.1/../../../../arm-none-eabi/lib/thumb/v7e-m+fp/hard/libc_nano.a(lib_a-nano-vfprintf_i.o)
                0x000000000800cfa8                _printf_i
 .text.printf   0x000000000800d1f4       0x30 /Applications/STMicroelectronics/STM32CubeIDE.app/Contents/Eclipse/plugins/com.st.stm32cube.ide.mcu.externaltools.gnu-tools-for-stm32.10.3-2021.10.macos64_1.0.0.202111181127/tools/bin/../lib/gcc/arm-none-eabi/10.3.1/../../../../arm-none-eabi/lib/thumb/v7e-m+fp/hard/libc_nano.a(lib_a-printf.o)
                0x000000000800d1f4                printf
                0x000000000800d1f4                iprintf
 .text._puts_r  0x000000000800d224       0xdc /Applications/STMicroelectronics/STM32CubeIDE.app/Contents/Eclipse/plugins/com.st.stm32cube.ide.mcu.externaltools.gnu-tools-for-stm32.10.3-2021.10.macos64_1.0.0.202111181127/tools/bin/../lib/gcc/arm-none-eabi/10.3.1/../../../../arm-none-eabi/lib/thumb/v7e-m+fp/hard/libc_nano.a(lib_a-puts.o)
                0x000000000800d224                _puts_r
 .text.puts     0x000000000800d300       0x10 /Applications/STMicroelectronics/STM32CubeIDE.app/Contents/Eclipse/plugins/com.st.stm32cube.ide.mcu.externaltools.gnu-tools-for-stm32.10.3-2021.10.macos64_1.0.0.202111181127/tools/bin/../lib/gcc/arm-none-eabi/10.3.1/../../../../arm-none-eabi/lib/thumb/v7e-m+fp/hard/libc_nano.a(lib_a-puts.o)
                0x000000000800d300                puts
 .text.snprintf
                0x000000000800d310       0x68 /Applications/STMicroelectronics/STM32CubeIDE.app/Contents/Eclipse/plugins/com.st.stm32cube.ide.mcu.externaltools.gnu-tools-for-stm32.10.3-2021.10.macos64_1.0.0.202111181127/tools/bin/../lib/gcc/arm-none-eabi/10.3.1/../../../../arm-none-eabi/lib/thumb/v7e-m+fp/hard/libc_nano.a(lib_a-snprintf.o)
                0x000000000800d310                snprintf
                0x000000000800d310                sniprintf
 .text.sprintf  0x000000000800d378       0x40 /Applications/STMicroelectronics/STM32CubeIDE.app/Contents/Eclipse/plugins/com.st.stm32cube.ide.mcu.externaltools.gnu-tools-for-stm32.10.3-2021.10.macos64_1.0.0.202111181127/tools/bin/../lib/gcc/arm-none-eabi/10.3.1/../../../../arm-none-eabi/lib/thumb/v7e-m+fp/hard/libc_nano.a(lib_a-sprintf.o)
                0x000000000800d378                sprintf
                0x000000000800d378                siprintf
 .text.__swbuf_r
                0x000000000800d3b8       0xa4 /Applications/STMicroelectronics/STM32CubeIDE.app/Contents/Eclipse/plugins/com.st.stm32cube.ide.mcu.externaltools.gnu-tools-for-stm32.10.3-2021.10.macos64_1.0.0.202111181127/tools/bin/../lib/gcc/arm-none-eabi/10.3.1/../../../../arm-none-eabi/lib/thumb/v7e-m+fp/hard/libc_nano.a(lib_a-wbuf.o)
                0x000000000800d3b8                __swbuf_r
 .text.__swsetup_r
                0x000000000800d45c       0xdc /Applications/STMicroelectronics/STM32CubeIDE.app/Contents/Eclipse/plugins/com.st.stm32cube.ide.mcu.externaltools.gnu-tools-for-stm32.10.3-2021.10.macos64_1.0.0.202111181127/tools/bin/../lib/gcc/arm-none-eabi/10.3.1/../../../../arm-none-eabi/lib/thumb/v7e-m+fp/hard/libc_nano.a(lib_a-wsetup.o)
                0x000000000800d45c                __swsetup_r
 .text.quorem   0x000000000800d538      0x116 /Applications/STMicroelectronics/STM32CubeIDE.app/Contents/Eclipse/plugins/com.st.stm32cube.ide.mcu.externaltools.gnu-tools-for-stm32.10.3-2021.10.macos64_1.0.0.202111181127/tools/bin/../lib/gcc/arm-none-eabi/10.3.1/../../../../arm-none-eabi/lib/thumb/v7e-m+fp/hard/libc_nano.a(lib_a-dtoa.o)
 *fill*         0x000000000800d64e        0x2 
 .text._dtoa_r  0x000000000800d650      0xbdc /Applications/STMicroelectronics/STM32CubeIDE.app/Contents/Eclipse/plugins/com.st.stm32cube.ide.mcu.externaltools.gnu-tools-for-stm32.10.3-2021.10.macos64_1.0.0.202111181127/tools/bin/../lib/gcc/arm-none-eabi/10.3.1/../../../../arm-none-eabi/lib/thumb/v7e-m+fp/hard/libc_nano.a(lib_a-dtoa.o)
                0x000000000800d650                _dtoa_r
 .text.__sflush_r
                0x000000000800e22c      0x10c /Applications/STMicroelectronics/STM32CubeIDE.app/Contents/Eclipse/plugins/com.st.stm32cube.ide.mcu.externaltools.gnu-tools-for-stm32.10.3-2021.10.macos64_1.0.0.202111181127/tools/bin/../lib/gcc/arm-none-eabi/10.3.1/../../../../arm-none-eabi/lib/thumb/v7e-m+fp/hard/libc_nano.a(lib_a-fflush.o)
                0x000000000800e22c                __sflush_r
 .text._fflush_r
                0x000000000800e338       0x78 /Applications/STMicroelectronics/STM32CubeIDE.app/Contents/Eclipse/plugins/com.st.stm32cube.ide.mcu.externaltools.gnu-tools-for-stm32.10.3-2021.10.macos64_1.0.0.202111181127/tools/bin/../lib/gcc/arm-none-eabi/10.3.1/../../../../arm-none-eabi/lib/thumb/v7e-m+fp/hard/libc_nano.a(lib_a-fflush.o)
                0x000000000800e338                _fflush_r
 .text.std      0x000000000800e3b0       0x48 /Applications/STMicroelectronics/STM32CubeIDE.app/Contents/Eclipse/plugins/com.st.stm32cube.ide.mcu.externaltools.gnu-tools-for-stm32.10.3-2021.10.macos64_1.0.0.202111181127/tools/bin/../lib/gcc/arm-none-eabi/10.3.1/../../../../arm-none-eabi/lib/thumb/v7e-m+fp/hard/libc_nano.a(lib_a-findfp.o)
 .text._cleanup_r
                0x000000000800e3f8        0xc /Applications/STMicroelectronics/STM32CubeIDE.app/Contents/Eclipse/plugins/com.st.stm32cube.ide.mcu.externaltools.gnu-tools-for-stm32.10.3-2021.10.macos64_1.0.0.202111181127/tools/bin/../lib/gcc/arm-none-eabi/10.3.1/../../../../arm-none-eabi/lib/thumb/v7e-m+fp/hard/libc_nano.a(lib_a-findfp.o)
                0x000000000800e3f8                _cleanup_r
 .text.__sfmoreglue
                0x000000000800e404       0x2c /Applications/STMicroelectronics/STM32CubeIDE.app/Contents/Eclipse/plugins/com.st.stm32cube.ide.mcu.externaltools.gnu-tools-for-stm32.10.3-2021.10.macos64_1.0.0.202111181127/tools/bin/../lib/gcc/arm-none-eabi/10.3.1/../../../../arm-none-eabi/lib/thumb/v7e-m+fp/hard/libc_nano.a(lib_a-findfp.o)
                0x000000000800e404                __sfmoreglue
 .text.__sfp_lock_acquire
                0x000000000800e430        0xc /Applications/STMicroelectronics/STM32CubeIDE.app/Contents/Eclipse/plugins/com.st.stm32cube.ide.mcu.externaltools.gnu-tools-for-stm32.10.3-2021.10.macos64_1.0.0.202111181127/tools/bin/../lib/gcc/arm-none-eabi/10.3.1/../../../../arm-none-eabi/lib/thumb/v7e-m+fp/hard/libc_nano.a(lib_a-findfp.o)
                0x000000000800e430                __sfp_lock_acquire
 .text.__sfp_lock_release
                0x000000000800e43c        0xc /Applications/STMicroelectronics/STM32CubeIDE.app/Contents/Eclipse/plugins/com.st.stm32cube.ide.mcu.externaltools.gnu-tools-for-stm32.10.3-2021.10.macos64_1.0.0.202111181127/tools/bin/../lib/gcc/arm-none-eabi/10.3.1/../../../../arm-none-eabi/lib/thumb/v7e-m+fp/hard/libc_nano.a(lib_a-findfp.o)
                0x000000000800e43c                __sfp_lock_release
 .text.__sinit_lock_acquire
                0x000000000800e448        0xc /Applications/STMicroelectronics/STM32CubeIDE.app/Contents/Eclipse/plugins/com.st.stm32cube.ide.mcu.externaltools.gnu-tools-for-stm32.10.3-2021.10.macos64_1.0.0.202111181127/tools/bin/../lib/gcc/arm-none-eabi/10.3.1/../../../../arm-none-eabi/lib/thumb/v7e-m+fp/hard/libc_nano.a(lib_a-findfp.o)
                0x000000000800e448                __sinit_lock_acquire
 .text.__sinit_lock_release
                0x000000000800e454        0xc /Applications/STMicroelectronics/STM32CubeIDE.app/Contents/Eclipse/plugins/com.st.stm32cube.ide.mcu.externaltools.gnu-tools-for-stm32.10.3-2021.10.macos64_1.0.0.202111181127/tools/bin/../lib/gcc/arm-none-eabi/10.3.1/../../../../arm-none-eabi/lib/thumb/v7e-m+fp/hard/libc_nano.a(lib_a-findfp.o)
                0x000000000800e454                __sinit_lock_release
 .text.__sinit  0x000000000800e460       0x70 /Applications/STMicroelectronics/STM32CubeIDE.app/Contents/Eclipse/plugins/com.st.stm32cube.ide.mcu.externaltools.gnu-tools-for-stm32.10.3-2021.10.macos64_1.0.0.202111181127/tools/bin/../lib/gcc/arm-none-eabi/10.3.1/../../../../arm-none-eabi/lib/thumb/v7e-m+fp/hard/libc_nano.a(lib_a-findfp.o)
                0x000000000800e460                __sinit
 .text.__sfp    0x000000000800e4d0       0x8c /Applications/STMicroelectronics/STM32CubeIDE.app/Contents/Eclipse/plugins/com.st.stm32cube.ide.mcu.externaltools.gnu-tools-for-stm32.10.3-2021.10.macos64_1.0.0.202111181127/tools/bin/../lib/gcc/arm-none-eabi/10.3.1/../../../../arm-none-eabi/lib/thumb/v7e-m+fp/hard/libc_nano.a(lib_a-findfp.o)
                0x000000000800e4d0                __sfp
 .text._fwalk_reent
                0x000000000800e55c       0x3e /Applications/STMicroelectronics/STM32CubeIDE.app/Contents/Eclipse/plugins/com.st.stm32cube.ide.mcu.externaltools.gnu-tools-for-stm32.10.3-2021.10.macos64_1.0.0.202111181127/tools/bin/../lib/gcc/arm-none-eabi/10.3.1/../../../../arm-none-eabi/lib/thumb/v7e-m+fp/hard/libc_nano.a(lib_a-fwalk.o)
                0x000000000800e55c                _fwalk_reent
 *fill*         0x000000000800e59a        0x2 
 .text._localeconv_r
                0x000000000800e59c        0x8 /Applications/STMicroelectronics/STM32CubeIDE.app/Contents/Eclipse/plugins/com.st.stm32cube.ide.mcu.externaltools.gnu-tools-for-stm32.10.3-2021.10.macos64_1.0.0.202111181127/tools/bin/../lib/gcc/arm-none-eabi/10.3.1/../../../../arm-none-eabi/lib/thumb/v7e-m+fp/hard/libc_nano.a(lib_a-localeconv.o)
                0x000000000800e59c                _localeconv_r
 .text.__retarget_lock_init_recursive
                0x000000000800e5a4        0x2 /Applications/STMicroelectronics/STM32CubeIDE.app/Contents/Eclipse/plugins/com.st.stm32cube.ide.mcu.externaltools.gnu-tools-for-stm32.10.3-2021.10.macos64_1.0.0.202111181127/tools/bin/../lib/gcc/arm-none-eabi/10.3.1/../../../../arm-none-eabi/lib/thumb/v7e-m+fp/hard/libc_nano.a(lib_a-lock.o)
                0x000000000800e5a4                __retarget_lock_init_recursive
 .text.__retarget_lock_acquire_recursive
                0x000000000800e5a6        0x2 /Applications/STMicroelectronics/STM32CubeIDE.app/Contents/Eclipse/plugins/com.st.stm32cube.ide.mcu.externaltools.gnu-tools-for-stm32.10.3-2021.10.macos64_1.0.0.202111181127/tools/bin/../lib/gcc/arm-none-eabi/10.3.1/../../../../arm-none-eabi/lib/thumb/v7e-m+fp/hard/libc_nano.a(lib_a-lock.o)
                0x000000000800e5a6                __retarget_lock_acquire_recursive
 .text.__retarget_lock_release_recursive
                0x000000000800e5a8        0x2 /Applications/STMicroelectronics/STM32CubeIDE.app/Contents/Eclipse/plugins/com.st.stm32cube.ide.mcu.externaltools.gnu-tools-for-stm32.10.3-2021.10.macos64_1.0.0.202111181127/tools/bin/../lib/gcc/arm-none-eabi/10.3.1/../../../../arm-none-eabi/lib/thumb/v7e-m+fp/hard/libc_nano.a(lib_a-lock.o)
                0x000000000800e5a8                __retarget_lock_release_recursive
 .text.__swhatbuf_r
                0x000000000800e5aa       0x4a /Applications/STMicroelectronics/STM32CubeIDE.app/Contents/Eclipse/plugins/com.st.stm32cube.ide.mcu.externaltools.gnu-tools-for-stm32.10.3-2021.10.macos64_1.0.0.202111181127/tools/bin/../lib/gcc/arm-none-eabi/10.3.1/../../../../arm-none-eabi/lib/thumb/v7e-m+fp/hard/libc_nano.a(lib_a-makebuf.o)
                0x000000000800e5aa                __swhatbuf_r
 .text.__smakebuf_r
                0x000000000800e5f4       0x80 /Applications/STMicroelectronics/STM32CubeIDE.app/Contents/Eclipse/plugins/com.st.stm32cube.ide.mcu.externaltools.gnu-tools-for-stm32.10.3-2021.10.macos64_1.0.0.202111181127/tools/bin/../lib/gcc/arm-none-eabi/10.3.1/../../../../arm-none-eabi/lib/thumb/v7e-m+fp/hard/libc_nano.a(lib_a-makebuf.o)
                0x000000000800e5f4                __smakebuf_r
 .text.malloc   0x000000000800e674       0x10 /Applications/STMicroelectronics/STM32CubeIDE.app/Contents/Eclipse/plugins/com.st.stm32cube.ide.mcu.externaltools.gnu-tools-for-stm32.10.3-2021.10.macos64_1.0.0.202111181127/tools/bin/../lib/gcc/arm-none-eabi/10.3.1/../../../../arm-none-eabi/lib/thumb/v7e-m+fp/hard/libc_nano.a(lib_a-malloc.o)
                0x000000000800e674                malloc
 .text._Balloc  0x000000000800e684       0x80 /Applications/STMicroelectronics/STM32CubeIDE.app/Contents/Eclipse/plugins/com.st.stm32cube.ide.mcu.externaltools.gnu-tools-for-stm32.10.3-2021.10.macos64_1.0.0.202111181127/tools/bin/../lib/gcc/arm-none-eabi/10.3.1/../../../../arm-none-eabi/lib/thumb/v7e-m+fp/hard/libc_nano.a(lib_a-mprec.o)
                0x000000000800e684                _Balloc
 .text._Bfree   0x000000000800e704       0x44 /Applications/STMicroelectronics/STM32CubeIDE.app/Contents/Eclipse/plugins/com.st.stm32cube.ide.mcu.externaltools.gnu-tools-for-stm32.10.3-2021.10.macos64_1.0.0.202111181127/tools/bin/../lib/gcc/arm-none-eabi/10.3.1/../../../../arm-none-eabi/lib/thumb/v7e-m+fp/hard/libc_nano.a(lib_a-mprec.o)
                0x000000000800e704                _Bfree
 .text.__multadd
                0x000000000800e748       0x8c /Applications/STMicroelectronics/STM32CubeIDE.app/Contents/Eclipse/plugins/com.st.stm32cube.ide.mcu.externaltools.gnu-tools-for-stm32.10.3-2021.10.macos64_1.0.0.202111181127/tools/bin/../lib/gcc/arm-none-eabi/10.3.1/../../../../arm-none-eabi/lib/thumb/v7e-m+fp/hard/libc_nano.a(lib_a-mprec.o)
                0x000000000800e748                __multadd
 .text.__hi0bits
                0x000000000800e7d4       0x40 /Applications/STMicroelectronics/STM32CubeIDE.app/Contents/Eclipse/plugins/com.st.stm32cube.ide.mcu.externaltools.gnu-tools-for-stm32.10.3-2021.10.macos64_1.0.0.202111181127/tools/bin/../lib/gcc/arm-none-eabi/10.3.1/../../../../arm-none-eabi/lib/thumb/v7e-m+fp/hard/libc_nano.a(lib_a-mprec.o)
                0x000000000800e7d4                __hi0bits
 .text.__lo0bits
                0x000000000800e814       0x5e /Applications/STMicroelectronics/STM32CubeIDE.app/Contents/Eclipse/plugins/com.st.stm32cube.ide.mcu.externaltools.gnu-tools-for-stm32.10.3-2021.10.macos64_1.0.0.202111181127/tools/bin/../lib/gcc/arm-none-eabi/10.3.1/../../../../arm-none-eabi/lib/thumb/v7e-m+fp/hard/libc_nano.a(lib_a-mprec.o)
                0x000000000800e814                __lo0bits
 *fill*         0x000000000800e872        0x2 
 .text.__i2b    0x000000000800e874       0x2c /Applications/STMicroelectronics/STM32CubeIDE.app/Contents/Eclipse/plugins/com.st.stm32cube.ide.mcu.externaltools.gnu-tools-for-stm32.10.3-2021.10.macos64_1.0.0.202111181127/tools/bin/../lib/gcc/arm-none-eabi/10.3.1/../../../../arm-none-eabi/lib/thumb/v7e-m+fp/hard/libc_nano.a(lib_a-mprec.o)
                0x000000000800e874                __i2b
 .text.__multiply
                0x000000000800e8a0      0x154 /Applications/STMicroelectronics/STM32CubeIDE.app/Contents/Eclipse/plugins/com.st.stm32cube.ide.mcu.externaltools.gnu-tools-for-stm32.10.3-2021.10.macos64_1.0.0.202111181127/tools/bin/../lib/gcc/arm-none-eabi/10.3.1/../../../../arm-none-eabi/lib/thumb/v7e-m+fp/hard/libc_nano.a(lib_a-mprec.o)
                0x000000000800e8a0                __multiply
 .text.__pow5mult
                0x000000000800e9f4       0xb4 /Applications/STMicroelectronics/STM32CubeIDE.app/Contents/Eclipse/plugins/com.st.stm32cube.ide.mcu.externaltools.gnu-tools-for-stm32.10.3-2021.10.macos64_1.0.0.202111181127/tools/bin/../lib/gcc/arm-none-eabi/10.3.1/../../../../arm-none-eabi/lib/thumb/v7e-m+fp/hard/libc_nano.a(lib_a-mprec.o)
                0x000000000800e9f4                __pow5mult
 .text.__lshift
                0x000000000800eaa8       0xe0 /Applications/STMicroelectronics/STM32CubeIDE.app/Contents/Eclipse/plugins/com.st.stm32cube.ide.mcu.externaltools.gnu-tools-for-stm32.10.3-2021.10.macos64_1.0.0.202111181127/tools/bin/../lib/gcc/arm-none-eabi/10.3.1/../../../../arm-none-eabi/lib/thumb/v7e-m+fp/hard/libc_nano.a(lib_a-mprec.o)
                0x000000000800eaa8                __lshift
 .text.__mcmp   0x000000000800eb88       0x38 /Applications/STMicroelectronics/STM32CubeIDE.app/Contents/Eclipse/plugins/com.st.stm32cube.ide.mcu.externaltools.gnu-tools-for-stm32.10.3-2021.10.macos64_1.0.0.202111181127/tools/bin/../lib/gcc/arm-none-eabi/10.3.1/../../../../arm-none-eabi/lib/thumb/v7e-m+fp/hard/libc_nano.a(lib_a-mprec.o)
                0x000000000800eb88                __mcmp
 .text.__mdiff  0x000000000800ebc0      0x114 /Applications/STMicroelectronics/STM32CubeIDE.app/Contents/Eclipse/plugins/com.st.stm32cube.ide.mcu.externaltools.gnu-tools-for-stm32.10.3-2021.10.macos64_1.0.0.202111181127/tools/bin/../lib/gcc/arm-none-eabi/10.3.1/../../../../arm-none-eabi/lib/thumb/v7e-m+fp/hard/libc_nano.a(lib_a-mprec.o)
                0x000000000800ebc0                __mdiff
 .text.__d2b    0x000000000800ecd4       0xb8 /Applications/STMicroelectronics/STM32CubeIDE.app/Contents/Eclipse/plugins/com.st.stm32cube.ide.mcu.externaltools.gnu-tools-for-stm32.10.3-2021.10.macos64_1.0.0.202111181127/tools/bin/../lib/gcc/arm-none-eabi/10.3.1/../../../../arm-none-eabi/lib/thumb/v7e-m+fp/hard/libc_nano.a(lib_a-mprec.o)
                0x000000000800ecd4                __d2b
 .text._calloc_r
                0x000000000800ed8c       0x2c /Applications/STMicroelectronics/STM32CubeIDE.app/Contents/Eclipse/plugins/com.st.stm32cube.ide.mcu.externaltools.gnu-tools-for-stm32.10.3-2021.10.macos64_1.0.0.202111181127/tools/bin/../lib/gcc/arm-none-eabi/10.3.1/../../../../arm-none-eabi/lib/thumb/v7e-m+fp/hard/libc_nano.a(lib_a-nano-callocr.o)
                0x000000000800ed8c                _calloc_r
 .text._free_r  0x000000000800edb8       0x98 /Applications/STMicroelectronics/STM32CubeIDE.app/Contents/Eclipse/plugins/com.st.stm32cube.ide.mcu.externaltools.gnu-tools-for-stm32.10.3-2021.10.macos64_1.0.0.202111181127/tools/bin/../lib/gcc/arm-none-eabi/10.3.1/../../../../arm-none-eabi/lib/thumb/v7e-m+fp/hard/libc_nano.a(lib_a-nano-freer.o)
                0x000000000800edb8                _free_r
 .text.sbrk_aligned
                0x000000000800ee50       0x40 /Applications/STMicroelectronics/STM32CubeIDE.app/Contents/Eclipse/plugins/com.st.stm32cube.ide.mcu.externaltools.gnu-tools-for-stm32.10.3-2021.10.macos64_1.0.0.202111181127/tools/bin/../lib/gcc/arm-none-eabi/10.3.1/../../../../arm-none-eabi/lib/thumb/v7e-m+fp/hard/libc_nano.a(lib_a-nano-mallocr.o)
 .text._malloc_r
                0x000000000800ee90       0xe8 /Applications/STMicroelectronics/STM32CubeIDE.app/Contents/Eclipse/plugins/com.st.stm32cube.ide.mcu.externaltools.gnu-tools-for-stm32.10.3-2021.10.macos64_1.0.0.202111181127/tools/bin/../lib/gcc/arm-none-eabi/10.3.1/../../../../arm-none-eabi/lib/thumb/v7e-m+fp/hard/libc_nano.a(lib_a-nano-mallocr.o)
                0x000000000800ee90                _malloc_r
 .text.__ssputs_r
                0x000000000800ef78       0xb6 /Applications/STMicroelectronics/STM32CubeIDE.app/Contents/Eclipse/plugins/com.st.stm32cube.ide.mcu.externaltools.gnu-tools-for-stm32.10.3-2021.10.macos64_1.0.0.202111181127/tools/bin/../lib/gcc/arm-none-eabi/10.3.1/../../../../arm-none-eabi/lib/thumb/v7e-m+fp/hard/libc_nano.a(lib_a-nano-svfprintf.o)
                0x000000000800ef78                __ssputs_r
 *fill*         0x000000000800f02e        0x2 
 .text._svfprintf_r
                0x000000000800f030      0x200 /Applications/STMicroelectronics/STM32CubeIDE.app/Contents/Eclipse/plugins/com.st.stm32cube.ide.mcu.externaltools.gnu-tools-for-stm32.10.3-2021.10.macos64_1.0.0.202111181127/tools/bin/../lib/gcc/arm-none-eabi/10.3.1/../../../../arm-none-eabi/lib/thumb/v7e-m+fp/hard/libc_nano.a(lib_a-nano-svfprintf.o)
                0x000000000800f030                _svfprintf_r
                0x000000000800f030                _svfiprintf_r
 .text.__sfputc_r
                0x000000000800f230       0x2e /Applications/STMicroelectronics/STM32CubeIDE.app/Contents/Eclipse/plugins/com.st.stm32cube.ide.mcu.externaltools.gnu-tools-for-stm32.10.3-2021.10.macos64_1.0.0.202111181127/tools/bin/../lib/gcc/arm-none-eabi/10.3.1/../../../../arm-none-eabi/lib/thumb/v7e-m+fp/hard/libc_nano.a(lib_a-nano-vfprintf.o)
 .text.__sfputs_r
                0x000000000800f25e       0x24 /Applications/STMicroelectronics/STM32CubeIDE.app/Contents/Eclipse/plugins/com.st.stm32cube.ide.mcu.externaltools.gnu-tools-for-stm32.10.3-2021.10.macos64_1.0.0.202111181127/tools/bin/../lib/gcc/arm-none-eabi/10.3.1/../../../../arm-none-eabi/lib/thumb/v7e-m+fp/hard/libc_nano.a(lib_a-nano-vfprintf.o)
                0x000000000800f25e                __sfputs_r
 *fill*         0x000000000800f282        0x2 
 .text._vfprintf_r
                0x000000000800f284      0x260 /Applications/STMicroelectronics/STM32CubeIDE.app/Contents/Eclipse/plugins/com.st.stm32cube.ide.mcu.externaltools.gnu-tools-for-stm32.10.3-2021.10.macos64_1.0.0.202111181127/tools/bin/../lib/gcc/arm-none-eabi/10.3.1/../../../../arm-none-eabi/lib/thumb/v7e-m+fp/hard/libc_nano.a(lib_a-nano-vfprintf.o)
                0x000000000800f284                _vfiprintf_r
                0x000000000800f284                _vfprintf_r
 .text._sbrk_r  0x000000000800f4e4       0x20 /Applications/STMicroelectronics/STM32CubeIDE.app/Contents/Eclipse/plugins/com.st.stm32cube.ide.mcu.externaltools.gnu-tools-for-stm32.10.3-2021.10.macos64_1.0.0.202111181127/tools/bin/../lib/gcc/arm-none-eabi/10.3.1/../../../../arm-none-eabi/lib/thumb/v7e-m+fp/hard/libc_nano.a(lib_a-sbrkr.o)
                0x000000000800f4e4                _sbrk_r
 .text.__sread  0x000000000800f504       0x22 /Applications/STMicroelectronics/STM32CubeIDE.app/Contents/Eclipse/plugins/com.st.stm32cube.ide.mcu.externaltools.gnu-tools-for-stm32.10.3-2021.10.macos64_1.0.0.202111181127/tools/bin/../lib/gcc/arm-none-eabi/10.3.1/../../../../arm-none-eabi/lib/thumb/v7e-m+fp/hard/libc_nano.a(lib_a-stdio.o)
                0x000000000800f504                __sread
 .text.__swrite
                0x000000000800f526       0x38 /Applications/STMicroelectronics/STM32CubeIDE.app/Contents/Eclipse/plugins/com.st.stm32cube.ide.mcu.externaltools.gnu-tools-for-stm32.10.3-2021.10.macos64_1.0.0.202111181127/tools/bin/../lib/gcc/arm-none-eabi/10.3.1/../../../../arm-none-eabi/lib/thumb/v7e-m+fp/hard/libc_nano.a(lib_a-stdio.o)
                0x000000000800f526                __swrite
 .text.__sseek  0x000000000800f55e       0x24 /Applications/STMicroelectronics/STM32CubeIDE.app/Contents/Eclipse/plugins/com.st.stm32cube.ide.mcu.externaltools.gnu-tools-for-stm32.10.3-2021.10.macos64_1.0.0.202111181127/tools/bin/../lib/gcc/arm-none-eabi/10.3.1/../../../../arm-none-eabi/lib/thumb/v7e-m+fp/hard/libc_nano.a(lib_a-stdio.o)
                0x000000000800f55e                __sseek
 .text.__sclose
                0x000000000800f582        0x8 /Applications/STMicroelectronics/STM32CubeIDE.app/Contents/Eclipse/plugins/com.st.stm32cube.ide.mcu.externaltools.gnu-tools-for-stm32.10.3-2021.10.macos64_1.0.0.202111181127/tools/bin/../lib/gcc/arm-none-eabi/10.3.1/../../../../arm-none-eabi/lib/thumb/v7e-m+fp/hard/libc_nano.a(lib_a-stdio.o)
                0x000000000800f582                __sclose
 *fill*         0x000000000800f58a        0x2 
 .text._write_r
                0x000000000800f58c       0x24 /Applications/STMicroelectronics/STM32CubeIDE.app/Contents/Eclipse/plugins/com.st.stm32cube.ide.mcu.externaltools.gnu-tools-for-stm32.10.3-2021.10.macos64_1.0.0.202111181127/tools/bin/../lib/gcc/arm-none-eabi/10.3.1/../../../../arm-none-eabi/lib/thumb/v7e-m+fp/hard/libc_nano.a(lib_a-writer.o)
                0x000000000800f58c                _write_r
 .text.__assert_func
                0x000000000800f5b0       0x3c /Applications/STMicroelectronics/STM32CubeIDE.app/Contents/Eclipse/plugins/com.st.stm32cube.ide.mcu.externaltools.gnu-tools-for-stm32.10.3-2021.10.macos64_1.0.0.202111181127/tools/bin/../lib/gcc/arm-none-eabi/10.3.1/../../../../arm-none-eabi/lib/thumb/v7e-m+fp/hard/libc_nano.a(lib_a-assert.o)
                0x000000000800f5b0                __assert_func
 .text._close_r
                0x000000000800f5ec       0x20 /Applications/STMicroelectronics/STM32CubeIDE.app/Contents/Eclipse/plugins/com.st.stm32cube.ide.mcu.externaltools.gnu-tools-for-stm32.10.3-2021.10.macos64_1.0.0.202111181127/tools/bin/../lib/gcc/arm-none-eabi/10.3.1/../../../../arm-none-eabi/lib/thumb/v7e-m+fp/hard/libc_nano.a(lib_a-closer.o)
                0x000000000800f5ec                _close_r
 .text.fprintf  0x000000000800f60c       0x24 /Applications/STMicroelectronics/STM32CubeIDE.app/Contents/Eclipse/plugins/com.st.stm32cube.ide.mcu.externaltools.gnu-tools-for-stm32.10.3-2021.10.macos64_1.0.0.202111181127/tools/bin/../lib/gcc/arm-none-eabi/10.3.1/../../../../arm-none-eabi/lib/thumb/v7e-m+fp/hard/libc_nano.a(lib_a-fprintf.o)
                0x000000000800f60c                fprintf
                0x000000000800f60c                fiprintf
 .text._fstat_r
                0x000000000800f630       0x24 /Applications/STMicroelectronics/STM32CubeIDE.app/Contents/Eclipse/plugins/com.st.stm32cube.ide.mcu.externaltools.gnu-tools-for-stm32.10.3-2021.10.macos64_1.0.0.202111181127/tools/bin/../lib/gcc/arm-none-eabi/10.3.1/../../../../arm-none-eabi/lib/thumb/v7e-m+fp/hard/libc_nano.a(lib_a-fstatr.o)
                0x000000000800f630                _fstat_r
 .text._isatty_r
                0x000000000800f654       0x20 /Applications/STMicroelectronics/STM32CubeIDE.app/Contents/Eclipse/plugins/com.st.stm32cube.ide.mcu.externaltools.gnu-tools-for-stm32.10.3-2021.10.macos64_1.0.0.202111181127/tools/bin/../lib/gcc/arm-none-eabi/10.3.1/../../../../arm-none-eabi/lib/thumb/v7e-m+fp/hard/libc_nano.a(lib_a-isattyr.o)
                0x000000000800f654                _isatty_r
 .text._lseek_r