../Core/Src/i2c_sensors.c:28:6:fuelGauge_assignI2C	16	static
../Core/Src/i2c_sensors.c:32:6:keller_assignI2C	16	static
../Core/Src/i2c_sensors.c:36:6:light_assignI2C	16	static
../Core/Src/i2c_sensors.c:42:19:fuelGauge_readData	32	static
../Core/Src/i2c_sensors.c:51:19:keller_readData	32	static
../Core/Src/i2c_sensors.c:61:19:light_readData	32	static
../Core/Src/i2c_sensors.c:74:5:sensors_initI2C	4	static
../Core/Src/i2c_sensors.c:92:6:getBatteryStatus	16	static
../Core/Src/i2c_sensors.c:131:6:getPressureData	32	static
../Core/Src/i2c_sensors.c:152:6:getAmbientLight	24	static
../Core/Src/i2c_sensors.c:169:6:getIMUData	8	static
../Core/Src/i2c_sensors.c:174:5:sensors_getAll	136	static
../Core/Src/i2c_sensors.c:199:5:sensors_updatePeriodic	8	static
../Core/Src/i2c_sensors.c:206:5:sensors_updateState	8	static
../Core/Src/i2c_sensors.c:334:13:sensors_getStateStr	16	static
../Core/Src/i2c_sensors.c:347:5:burnwireOn	8	static
../Core/Src/i2c_sensors.c:356:5:burnwireOff	8	static
../Core/Src/i2c_sensors.c:361:5:recoveryOff	4	static
