../Core/Inc/bno055_wrapper.h:20:6:bno055_assignI2C	16	static
../Core/Inc/bno055_wrapper.h:24:6:bno055_delay	16	static
../Core/Inc/bno055_wrapper.h:32:6:bno055_writeData	40	static
../Core/Inc/bno055_wrapper.h:94:6:bno055_readData	24	static
../Core/Src/main.c:121:5:main	8	static
../Core/Src/main.c:268:6:SystemClock_Config	96	static
../Core/Src/main.c:319:13:MX_I2C1_Init	8	static
../Core/Src/main.c:367:13:MX_RTC_Init	32	static
../Core/Src/main.c:439:13:MX_SDMMC1_SD_Init	4	static
../Core/Src/main.c:467:13:MX_SPI2_Init	8	static
../Core/Src/main.c:520:13:MX_TIM16_Init	8	static
../Core/Src/main.c:552:13:MX_USART2_UART_Init	8	static
../Core/Src/main.c:586:13:MX_DMA_Init	16	static
../Core/Src/main.c:614:13:MX_GPIO_Init	48	static
../Core/Src/main.c:671:6:HAL_RTCEx_TimeStampEventCallback	48	static
../Core/Src/main.c:690:13:RTC_CalendarShow	40	static
../Core/Src/main.c:708:6:HAL_TIM_PeriodElapsedCallback	16	static
../Core/Src/main.c:718:6:HAL_UART_RxCpltCallback	16	static
../Core/Src/main.c:729:6:HAL_UARTEx_RxEventCallback	16	static
../Core/Src/main.c:741:6:Error_Handler	4	static,ignoring_inline_asm
